Archive member included to satisfy reference by file (symbol)

app/libapp.a(main.c.obj)      (--whole-archive)
zephyr/libzephyr.a(heap.c.obj)
                              (--whole-archive)
zephyr/libzephyr.a(cbprintf_packaged.c.obj)
                              (--whole-archive)
zephyr/libzephyr.a(printk.c.obj)
                              (--whole-archive)
zephyr/libzephyr.a(sem.c.obj)
                              (--whole-archive)
zephyr/libzephyr.a(thread_entry.c.obj)
                              (--whole-archive)
zephyr/libzephyr.a(cbprintf_complete.c.obj)
                              (--whole-archive)
zephyr/libzephyr.a(assert.c.obj)
                              (--whole-archive)
zephyr/libzephyr.a(dec.c.obj)
                              (--whole-archive)
zephyr/libzephyr.a(hex.c.obj)
                              (--whole-archive)
zephyr/libzephyr.a(rb.c.obj)  (--whole-archive)
zephyr/libzephyr.a(timeutil.c.obj)
                              (--whole-archive)
zephyr/libzephyr.a(bitarray.c.obj)
                              (--whole-archive)
zephyr/libzephyr.a(configs.c.obj)
                              (--whole-archive)
zephyr/libzephyr.a(soc_irq.S.obj)
                              (--whole-archive)
zephyr/libzephyr.a(vector.S.obj)
                              (--whole-archive)
zephyr/libzephyr.a(cpu_idle.c.obj)
                              (--whole-archive)
zephyr/libzephyr.a(irq.c.obj)
                              (--whole-archive)
zephyr/libzephyr.a(tracing_none.c.obj)
                              (--whole-archive)
zephyr/libzephyr.a(serv_timer.c.obj)
                              (--whole-archive)
zephyr/arch/common/libarch__common.a(sw_isr_common.c.obj)
                              (--whole-archive)
zephyr/arch/arch/riscv/core/libarch__riscv__core.a(cpu_idle.c.obj)
                              (--whole-archive)
zephyr/arch/arch/riscv/core/libarch__riscv__core.a(fatal.c.obj)
                              (--whole-archive)
zephyr/arch/arch/riscv/core/libarch__riscv__core.a(irq_manage.c.obj)
                              (--whole-archive)
zephyr/arch/arch/riscv/core/libarch__riscv__core.a(prep_c.c.obj)
                              (--whole-archive)
zephyr/arch/arch/riscv/core/libarch__riscv__core.a(reboot.c.obj)
                              (--whole-archive)
zephyr/arch/arch/riscv/core/libarch__riscv__core.a(reset.S.obj)
                              (--whole-archive)
zephyr/arch/arch/riscv/core/libarch__riscv__core.a(switch.S.obj)
                              (--whole-archive)
zephyr/arch/arch/riscv/core/libarch__riscv__core.a(thread.c.obj)
                              (--whole-archive)
zephyr/arch/arch/riscv/core/libarch__riscv__core.a(isr.S.obj)
                              (--whole-archive)
zephyr/arch/arch/riscv/core/libarch__riscv__core.a(stacktrace.c.obj)
                              (--whole-archive)
zephyr/lib/libc/picolibc/liblib__libc__picolibc.a(libc-hooks.c.obj)
                              (--whole-archive)
zephyr/lib/libc/common/liblib__libc__common.a(abort.c.obj)
                              (--whole-archive)
zephyr/lib/libc/common/liblib__libc__common.a(malloc.c.obj)
                              (--whole-archive)
zephyr/drivers/console/libdrivers__console.a(uart_console.c.obj)
                              (--whole-archive)
zephyr/drivers/serial/libdrivers__serial.a(uart_bitbang.c.obj)
                              (--whole-archive)
zephyr/drivers/timer/libdrivers__timer.a(sys_clock_init.c.obj)
                              (--whole-archive)
zephyr/kernel/libkernel.a(device.c.obj)
                              zephyr/drivers/console/libdrivers__console.a(uart_console.c.obj) (z_impl_device_is_ready)
zephyr/kernel/libkernel.a(errno.c.obj)
                              zephyr/lib/libc/picolibc/liblib__libc__picolibc.a(libc-hooks.c.obj) (z_impl_z_errno)
zephyr/kernel/libkernel.a(fatal.c.obj)
                              zephyr/arch/arch/riscv/core/libarch__riscv__core.a(fatal.c.obj) (z_fatal_error)
zephyr/kernel/libkernel.a(init.c.obj)
                              zephyr/arch/arch/riscv/core/libarch__riscv__core.a(prep_c.c.obj) (z_bss_zero)
zephyr/kernel/libkernel.a(init_static.c.obj)
                              zephyr/kernel/libkernel.a(init.c.obj) (z_init_static)
zephyr/kernel/libkernel.a(idle.c.obj)
                              zephyr/kernel/libkernel.a(init.c.obj) (idle)
zephyr/kernel/libkernel.a(mutex.c.obj)
                              zephyr/lib/libc/picolibc/liblib__libc__picolibc.a(libc-hooks.c.obj) (z_impl_k_mutex_init)
zephyr/kernel/libkernel.a(sem.c.obj)
                              zephyr/libzephyr.a(sem.c.obj) (z_impl_k_sem_init)
zephyr/kernel/libkernel.a(thread.c.obj)
                              zephyr/kernel/libkernel.a(init.c.obj) (z_impl_k_thread_start)
zephyr/kernel/libkernel.a(sched.c.obj)
                              zephyr/kernel/libkernel.a(init.c.obj) (_thread_dummy)
zephyr/kernel/libkernel.a(timeslicing.c.obj)
[...]
Memory Configuration

Name             Origin             Length             Attributes
RAM              0x00000000         0x00008000         xrw
IDT_LIST         0xfffff7ff         0x00000800         xw
*default*        0x00000000         0xffffffff

Linker script and memory map

LOAD zephyr/CMakeFiles/zephyr_final.dir/misc/empty_file.c.obj
LOAD zephyr/CMakeFiles/zephyr_final.dir/isr_tables.c.obj
LOAD zephyr/CMakeFiles/offsets.dir/./arch/riscv/core/offsets/offsets.c.obj
LOAD app/libapp.a
LOAD zephyr/libzephyr.a
LOAD zephyr/arch/common/libarch__common.a
LOAD zephyr/arch/arch/riscv/core/libarch__riscv__core.a
LOAD zephyr/lib/libc/picolibc/liblib__libc__picolibc.a
LOAD zephyr/lib/libc/common/liblib__libc__common.a
LOAD zephyr/drivers/console/libdrivers__console.a
LOAD zephyr/drivers/serial/libdrivers__serial.a
LOAD zephyr/drivers/timer/libdrivers__timer.a
LOAD zephyr/kernel/libkernel.a
LOAD zephyr/arch/common/libisr_tables.a
LOAD /home/chenyoo/servWorkspace/build/modules/picolibc/libc.a
LOAD /usr/lib/gcc/riscv64-unknown-elf/14.2.0/rv32i/ilp32/libgcc.a

.rel.plt        0x00000000        0x0
 *(SORT_BY_ALIGNMENT(.rel.plt))
                [!provide]                        PROVIDE (__rel_iplt_start = .)
 *(SORT_BY_ALIGNMENT(.rel.iplt))
                [!provide]                        PROVIDE (__rel_iplt_end = .)

.rela.plt       0x00000000        0x0
 *(SORT_BY_ALIGNMENT(.rela.plt))
                [!provide]                        PROVIDE (__rela_iplt_start = .)
 *(SORT_BY_ALIGNMENT(.rela.iplt))
                [!provide]                        PROVIDE (__rela_iplt_end = .)

.rel.dyn
 *(SORT_BY_ALIGNMENT(.rel.*))

.rela.dyn       0x00000000        0x0
 *(SORT_BY_ALIGNMENT(.rela.*))
 .rela.sdata._char_out
                0x00000000        0x0 zephyr/CMakeFiles/zephyr_final.dir/isr_tables.c.obj
 .rela.exception.entry._isr_wrapper
                0x00000000        0x0 zephyr/CMakeFiles/zephyr_final.dir/isr_tables.c.obj
 .rela.text.walk_stackframe
                0x00000000        0x0 zephyr/CMakeFiles/zephyr_final.dir/isr_tables.c.obj
 .rela.text.malloc_prepare
                0x00000000        0x0 zephyr/CMakeFiles/zephyr_final.dir/isr_tables.c.obj
 .rela.text.bg_thread_main
                0x00000000        0x0 zephyr/CMakeFiles/zephyr_final.dir/isr_tables.c.obj
 .rela.text.z_bss_zero
                0x00000000        0x0 zephyr/CMakeFiles/zephyr_final.dir/isr_tables.c.obj
 .rela.rodata.levels.0
                0x00000000        0x0 zephyr/CMakeFiles/zephyr_final.dir/isr_tables.c.obj

.plt
 *(SORT_BY_ALIGNMENT(.plt))

.iplt
 *(SORT_BY_ALIGNMENT(.iplt))
                0x00000000                        __rom_region_start = 0x0

rom_start       0x00000000       0x10
                0x00000000                        . = ALIGN (0x10)
 *(SORT_BY_ALIGNMENT(.vectors.*))
 .vectors.__start
                0x00000000       0x10 zephyr/libzephyr.a(vector.S.obj)
                0x00000000                __start

reset
 *(SORT_BY_ALIGNMENT(.reset.*))

exceptions      0x00000010      0x20c
 *(SORT_BY_ALIGNMENT(.exception.entry.*))
 .exception.entry._isr_wrapper
                0x00000010      0x1e0 zephyr/arch/arch/riscv/core/libarch__riscv__core.a(isr.S.obj)
                0x00000010                _isr_wrapper
                0x0000018c                z_riscv_thread_start
 *(SORT_BY_ALIGNMENT(.exception.other.*))
 .exception.other.__soc_handle_irq
                0x000001f0       0x10 zephyr/libzephyr.a(soc_irq.S.obj)
                0x000001f0                __soc_handle_irq
 .exception.other.__soc_is_irq
                0x00000200       0x1c zephyr/libzephyr.a(soc_irq.S.obj)
                0x00000200                __soc_is_irq

text            0x0000021c     0x29a0
                0x0000021c                        . = ALIGN (0x4)
 *(SORT_BY_ALIGNMENT(.openocd_debug))
 *(SORT_BY_ALIGNMENT(.openocd_debug.*))
                0x0000021c                        __text_region_start = .
 *(SORT_BY_ALIGNMENT(.text))
 .text          0x0000021c       0x4c /usr/lib/gcc/riscv64-unknown-elf/14.2.0/rv32i/ilp32/libgcc.a(_clzsi2.o)
                0x0000021c                __clzsi2
 .text          0x00000268       0x24 /usr/lib/gcc/riscv64-unknown-elf/14.2.0/rv32i/ilp32/libgcc.a(muldi3.o)
                0x00000268                __mulsi3
 .text          0x0000028c       0xb4 /usr/lib/gcc/riscv64-unknown-elf/14.2.0/rv32i/ilp32/libgcc.a(div.o)
                0x0000028c                __divsi3
                0x00000294                __hidden___udivsi3
                0x00000294                __udivsi3
                0x000002dc                __umodsi3
                0x00000310                __modsi3
 *(SORT_BY_ALIGNMENT(.text.*))
 .text._OffsetAbsSyms
                0x00000340        0x4 zephyr/CMakeFiles/offsets.dir/./arch/riscv/core/offsets/offsets.c.obj
                0x00000340                _OffsetAbsSyms
 .text.main     0x00000344       0x2c app/libapp.a(main.c.obj)
                0x00000344                main
 .text.chunk_size
                0x00000370       0x14 zephyr/libzephyr.a(heap.c.obj)
 .text.free_list_add
                0x00000384       0xb4 zephyr/libzephyr.a(heap.c.obj)
 .text.sys_heap_init
                0x00000438       0xec zephyr/libzephyr.a(heap.c.obj)
                0x00000438                sys_heap_init
 .text.arch_printk_char_out
                0x00000524        0x8 zephyr/libzephyr.a(printk.c.obj)
                0x00000524                arch_printk_char_out
 .text.char_out
                0x0000052c        0xc zephyr/libzephyr.a(printk.c.obj)
 .text.__printk_hook_install
                0x00000538        0xc zephyr/libzephyr.a(printk.c.obj)
                0x00000538                __printk_hook_install
 .text.vprintk  0x00000544       0x44 zephyr/libzephyr.a(printk.c.obj)
                0x00000544                vprintk
 .text.printk   0x00000588       0x3c zephyr/libzephyr.a(printk.c.obj)
                0x00000588                printk
 .text.z_thread_entry
                0x000005c4       0x24 zephyr/libzephyr.a(thread_entry.c.obj)
                0x000005c4                z_thread_entry
 .text._ConfigAbsSyms
                0x000005e8        0x4 zephyr/libzephyr.a(configs.c.obj)
                0x000005e8                _ConfigAbsSyms
 .text.arch_cpu_idle
                0x000005ec       0x20 zephyr/libzephyr.a(cpu_idle.c.obj)
                0x000005ec                arch_cpu_idle
 .text.arch_irq_enable
                0x0000060c       0x10 zephyr/libzephyr.a(irq.c.obj)
                0x0000060c                arch_irq_enable
 .text.soc_interrupt_init
                0x0000061c       0x10 zephyr/libzephyr.a(irq.c.obj)
                0x0000061c                soc_interrupt_init
 .text.sys_trace_idle
                0x0000062c        0x4 zephyr/libzephyr.a(tracing_none.c.obj)
                0x0000062c                sys_trace_idle
 .text.sys_clock_driver_init
                0x00000630       0x38 zephyr/libzephyr.a(serv_timer.c.obj)
                0x00000630                sys_clock_driver_init
 .text.timer_isr
                0x00000668       0x70 zephyr/libzephyr.a(serv_timer.c.obj)
 .text.sys_clock_set_timeout
                0x000006d8       0xec zephyr/libzephyr.a(serv_timer.c.obj)
                0x000006d8                sys_clock_set_timeout
 .text.sys_clock_elapsed
                0x000007c4       0x44 zephyr/libzephyr.a(serv_timer.c.obj)
                0x000007c4                sys_clock_elapsed
 .text.z_riscv_get_sp_before_exc
                0x00000808        0x8 zephyr/arch/arch/riscv/core/libarch__riscv__core.a(fatal.c.obj)
                0x00000808                z_riscv_get_sp_before_exc
 .text.z_riscv_fatal_error_csf
                0x00000810       0x38 zephyr/arch/arch/riscv/core/libarch__riscv__core.a(fatal.c.obj)
                0x00000810                z_riscv_fatal_error_csf
 .text.z_riscv_fatal_error
                0x00000848       0x10 zephyr/arch/arch/riscv/core/libarch__riscv__core.a(fatal.c.obj)
                0x00000848                z_riscv_fatal_error
 .text._Fault   0x00000858       0x14 zephyr/arch/arch/riscv/core/libarch__riscv__core.a(fatal.c.obj)
                0x00000858                _Fault
 .text.z_irq_spurious
                0x0000086c       0x18 zephyr/arch/arch/riscv/core/libarch__riscv__core.a(irq_manage.c.obj)
                0x0000086c                z_irq_spurious
 .text.z_prep_c
                0x00000884       0x14 zephyr/arch/arch/riscv/core/libarch__riscv__core.a(prep_c.c.obj)
                0x00000884                z_prep_c
 .text.__initialize
                0x00000898       0x34 zephyr/arch/arch/riscv/core/libarch__riscv__core.a(reset.S.obj)
                0x00000898                __initialize
 .text.z_riscv_switch
                0x000008cc       0x78 zephyr/arch/arch/riscv/core/libarch__riscv__core.a(switch.S.obj)
                0x000008cc                z_riscv_switch
 .text.arch_new_thread
                0x00000944       0x40 zephyr/arch/arch/riscv/core/libarch__riscv__core.a(thread.c.obj)
                0x00000944                arch_new_thread
 .text.in_stack_bound
                0x00000984       0x34 zephyr/arch/arch/riscv/core/libarch__riscv__core.a(stacktrace.c.obj)
 .text.print_trace_address
                0x000009b8        0x8 zephyr/arch/arch/riscv/core/libarch__riscv__core.a(stacktrace.c.obj)
 .text.walk_stackframe
                0x000009c0      0x138 zephyr/arch/arch/riscv/core/libarch__riscv__core.a(stacktrace.c.obj)
 .text.in_fatal_stack_bound
                0x00000af8       0x4c zephyr/arch/arch/riscv/core/libarch__riscv__core.a(stacktrace.c.obj)
 .text.z_riscv_unwind_stack
                0x00000b44       0x40 zephyr/arch/arch/riscv/core/libarch__riscv__core.a(stacktrace.c.obj)
                0x00000b44                z_riscv_unwind_stack
 .text.z_impl_zephyr_fputc
                0x00000b84       0x24 zephyr/lib/libc/picolibc/liblib__libc__picolibc.a(libc-hooks.c.obj)
                0x00000b84                z_impl_zephyr_fputc
 .text.picolibc_put
                0x00000ba8       0x1c zephyr/lib/libc/picolibc/liblib__libc__picolibc.a(libc-hooks.c.obj)
 .text.__stdout_hook_install
                0x00000bc4       0x20 zephyr/lib/libc/picolibc/liblib__libc__picolibc.a(libc-hooks.c.obj)
                0x00000bc4                __stdout_hook_install
 .text.malloc_prepare
                0x00000be4       0x38 zephyr/lib/libc/common/liblib__libc__common.a(malloc.c.obj)
 .text.uart_console_init
                0x00000c1c       0x4c zephyr/drivers/console/libdrivers__console.a(uart_console.c.obj)
 .text.console_out
                0x00000c68       0x6c zephyr/drivers/console/libdrivers__console.a(uart_console.c.obj)
 .text.uart_bitbang_poll_out
                0x00000cd4       0x30 zephyr/drivers/serial/libdrivers__serial.a(uart_bitbang.c.obj)
 .text.uart_bitbang_poll_in
                0x00000d04       0x14 zephyr/drivers/serial/libdrivers__serial.a(uart_bitbang.c.obj)
 .text.uart_bitbang_init
                0x00000d18       0x14 zephyr/drivers/serial/libdrivers__serial.a(uart_bitbang.c.obj)
 .text.z_device_state_init
                0x00000d2c        0x4 zephyr/kernel/libkernel.a(device.c.obj)
                0x00000d2c                z_device_state_init
 .text.z_impl_device_is_ready
                0x00000d30       0x2c zephyr/kernel/libkernel.a(device.c.obj)
                0x00000d30                z_impl_device_is_ready
 .text.arch_system_halt
                0x00000d5c        0x8 zephyr/kernel/libkernel.a(fatal.c.obj)
                0x00000d5c                arch_system_halt
 .text.k_sys_fatal_error_handler
                0x00000d64        0xc zephyr/kernel/libkernel.a(fatal.c.obj)
                0x00000d64                k_sys_fatal_error_handler
 .text.z_fatal_error
                0x00000d70       0x40 zephyr/kernel/libkernel.a(fatal.c.obj)
                0x00000d70                z_fatal_error
 .text.do_device_init
                0x00000db0       0x6c zephyr/kernel/libkernel.a(init.c.obj)
 .text.z_sys_init_run_level
                0x00000e1c       0x70 zephyr/kernel/libkernel.a(init.c.obj)
 .text.bg_thread_main
                0x00000e8c      0x11c zephyr/kernel/libkernel.a(init.c.obj)
 .text.z_early_memset
                0x00000fa8        0x4 zephyr/kernel/libkernel.a(init.c.obj)
                0x00000fa8                z_early_memset
 .text.z_bss_zero
                0x00000fac       0x20 zephyr/kernel/libkernel.a(init.c.obj)
                0x00000fac                z_bss_zero
 .text.z_init_cpu
                0x00000fcc       0xcc zephyr/kernel/libkernel.a(init.c.obj)
                0x00000fcc                z_init_cpu
 .text.z_cstart
                0x00001098      0x104 zephyr/kernel/libkernel.a(init.c.obj)
                0x00001098                z_cstart
 .text.z_init_static
                0x0000119c        0x4 zephyr/kernel/libkernel.a(init_static.c.obj)
                0x0000119c                z_init_static
 .text.idle     0x000011a0       0x14 zephyr/kernel/libkernel.a(idle.c.obj)
                0x000011a0                idle
 .text.z_impl_k_thread_start
                0x000011b4        0x4 zephyr/kernel/libkernel.a(thread.c.obj)
                0x000011b4                z_impl_k_thread_start
 .text.z_setup_new_thread
                0x000011b8       0x90 zephyr/kernel/libkernel.a(thread.c.obj)
                0x000011b8                z_setup_new_thread
 .text.sys_dlist_remove
                0x00001248       0x1c zephyr/kernel/libkernel.a(sched.c.obj)
 .text.unpend_thread_no_timeout
                0x00001264       0x34 zephyr/kernel/libkernel.a(sched.c.obj)
 .text.ready_thread
                0x00001298       0xf4 zephyr/kernel/libkernel.a(sched.c.obj)
 .text.z_swap   0x0000138c       0x8c zephyr/kernel/libkernel.a(sched.c.obj)
 .text.z_thread_halt
                0x00001418      0x1c8 zephyr/kernel/libkernel.a(sched.c.obj)
 .text.move_thread_to_end_of_prio_q
                0x000015e0       0xfc zephyr/kernel/libkernel.a(sched.c.obj)
                0x000015e0                move_thread_to_end_of_prio_q
 .text.z_ready_thread
                0x000016dc       0x2c zephyr/kernel/libkernel.a(sched.c.obj)
                0x000016dc                z_ready_thread
 .text.z_sched_wake_thread
                0x00001708       0x74 zephyr/kernel/libkernel.a(sched.c.obj)
                0x00001708                z_sched_wake_thread
 .text.z_thread_timeout
                0x0000177c        0xc zephyr/kernel/libkernel.a(sched.c.obj)
                0x0000177c                z_thread_timeout
 .text.z_reschedule
                0x00001788       0x30 zephyr/kernel/libkernel.a(sched.c.obj)
                0x00001788                z_reschedule
 .text.z_sched_start
                0x000017b8       0x4c zephyr/kernel/libkernel.a(sched.c.obj)
                0x000017b8                z_sched_start
 .text.z_reschedule_irqlock
                0x00001804       0x80 zephyr/kernel/libkernel.a(sched.c.obj)
                0x00001804                z_reschedule_irqlock
 .text.k_sched_lock
                0x00001884       0x24 zephyr/kernel/libkernel.a(sched.c.obj)
                0x00001884                k_sched_lock
 .text.k_sched_unlock
                0x000018a8       0x9c zephyr/kernel/libkernel.a(sched.c.obj)
                0x000018a8                k_sched_unlock
 .text.z_swap_next_thread
                0x00001944        0xc zephyr/kernel/libkernel.a(sched.c.obj)
                0x00001944                z_swap_next_thread
 .text.z_get_next_switch_handle
                0x00001950       0x20 zephyr/kernel/libkernel.a(sched.c.obj)
                0x00001950                z_get_next_switch_handle
 .text.z_sched_init
                0x00001970       0x1c zephyr/kernel/libkernel.a(sched.c.obj)
                0x00001970                z_sched_init
 .text.z_impl_k_sched_current_thread_query
                0x0000198c        0xc zephyr/kernel/libkernel.a(sched.c.obj)
                0x0000198c                z_impl_k_sched_current_thread_query
 .text.z_thread_abort
                0x00001998       0x48 zephyr/kernel/libkernel.a(sched.c.obj)
                0x00001998                z_thread_abort
 .text.z_impl_k_thread_abort
                0x000019e0        0x4 zephyr/kernel/libkernel.a(sched.c.obj)
                0x000019e0                z_impl_k_thread_abort
 .text.slice_timeout
                0x000019e4       0x44 zephyr/kernel/libkernel.a(timeslicing.c.obj)
 .text.thread_is_sliceable
                0x00001a28       0x58 zephyr/kernel/libkernel.a(timeslicing.c.obj)
                0x00001a28                thread_is_sliceable
 .text.z_reset_time_slice
                0x00001a80       0xa8 zephyr/kernel/libkernel.a(timeslicing.c.obj)
                0x00001a80                z_reset_time_slice
 .text.z_time_slice
                0x00001b28       0x7c zephyr/kernel/libkernel.a(timeslicing.c.obj)
                0x00001b28                z_time_slice
 .text.elapsed  0x00001ba4       0x18 zephyr/kernel/libkernel.a(timeout.c.obj)
 .text.remove_timeout
                0x00001bbc       0x5c zephyr/kernel/libkernel.a(timeout.c.obj)
 .text.next_timeout
                0x00001c18       0x78 zephyr/kernel/libkernel.a(timeout.c.obj)
 .text.z_add_timeout
                0x00001c90      0x1a8 zephyr/kernel/libkernel.a(timeout.c.obj)
                0x00001c90                z_add_timeout
 .text.z_abort_timeout
                0x00001e38       0x40 zephyr/kernel/libkernel.a(timeout.c.obj)
                0x00001e38                z_abort_timeout
 .text.sys_clock_announce
                0x00001e78      0x134 zephyr/kernel/libkernel.a(timeout.c.obj)
                0x00001e78                sys_clock_announce
 .text.boot_banner
                0x00001fac        0xc zephyr/kernel/libkernel.a(banner.c.obj)
                0x00001fac                boot_banner
 .text.strnlen  0x00001fb8       0x24 /home/chenyoo/servWorkspace/build/modules/picolibc/libc.a(strnlen.c.obj)
                0x00001fb8                strnlen
 .text.printf   0x00001fdc       0x48 /home/chenyoo/servWorkspace/build/modules/picolibc/libc.a(printf.c.obj)
                0x00001fdc                printf
 .text.__ultoa_invert
                0x00002024      0x178 /home/chenyoo/servWorkspace/build/modules/picolibc/libc.a(vflprintf.c.obj)
 .text.skip_to_arg
                0x0000219c      0x230 /home/chenyoo/servWorkspace/build/modules/picolibc/libc.a(vflprintf.c.obj)
 .text.vfprintf
                0x000023cc      0x7d4 /home/chenyoo/servWorkspace/build/modules/picolibc/libc.a(vflprintf.c.obj)
                0x000023cc                __l_vfprintf
                0x000023cc                vfprintf
 .text.memset   0x00002ba0       0x1c /home/chenyoo/servWorkspace/build/modules/picolibc/libc.a(memset.S.obj)
                0x00002ba0                memset
 *(SORT_BY_ALIGNMENT(.gnu.linkonce.t.*))
                0x00002bbc                        __text_region_end = .
                0x00002bbc                        __rodata_region_start = .

initlevel       0x00002bbc       0x20
                0x00002bbc                        __init_start = .
                0x00002bbc                        __init_EARLY_start = .
 *(SORT_BY_NAME(SORT_BY_ALIGNMENT(.z_init_EARLY?_*)))
 *(SORT_BY_NAME(SORT_BY_ALIGNMENT(.z_init_EARLY??_*)))
                0x00002bbc                        __init_PRE_KERNEL_1_start = .
 *(SORT_BY_NAME(SORT_BY_ALIGNMENT(.z_init_PRE_KERNEL_1?_*)))
 *(SORT_BY_NAME(SORT_BY_ALIGNMENT(.z_init_PRE_KERNEL_1??_*)))
 .z_init_PRE_KERNEL_150_00006_
                0x00002bbc        0x8 zephyr/drivers/serial/libdrivers__serial.a(uart_bitbang.c.obj)
 .z_init_PRE_KERNEL_160_0_
                0x00002bc4        0x8 zephyr/drivers/console/libdrivers__console.a(uart_console.c.obj)
                0x00002bcc                        __init_PRE_KERNEL_2_start = .
 *(SORT_BY_NAME(SORT_BY_ALIGNMENT(.z_init_PRE_KERNEL_2?_*)))
 .z_init_PRE_KERNEL_20_0_
                0x00002bcc        0x8 zephyr/libzephyr.a(serv_timer.c.obj)
 *(SORT_BY_NAME(SORT_BY_ALIGNMENT(.z_init_PRE_KERNEL_2??_*)))
                0x00002bd4                        __init_POST_KERNEL_start = .
 *(SORT_BY_NAME(SORT_BY_ALIGNMENT(.z_init_POST_KERNEL?_*)))
 *(SORT_BY_NAME(SORT_BY_ALIGNMENT(.z_init_POST_KERNEL??_*)))
 .z_init_POST_KERNEL35_0_
                0x00002bd4        0x8 zephyr/lib/libc/common/liblib__libc__common.a(malloc.c.obj)
                0x00002bdc                        __init_APPLICATION_start = .
 *(SORT_BY_NAME(SORT_BY_ALIGNMENT(.z_init_APPLICATION?_*)))
 *(SORT_BY_NAME(SORT_BY_ALIGNMENT(.z_init_APPLICATION??_*)))
                0x00002bdc                        __init_SMP_start = .
 *(SORT_BY_NAME(SORT_BY_ALIGNMENT(.z_init_SMP?_*)))
 *(SORT_BY_NAME(SORT_BY_ALIGNMENT(.z_init_SMP??_*)))
                0x00002bdc                        __init_end = .
                0x00002bdc                        __deferred_init_list_start = .
 *(SORT_BY_ALIGNMENT(.z_deferred_init*))
                0x00002bdc                        __deferred_init_list_end = .

device_area     0x00002bdc       0x14
                0x00002bdc                        _device_list_start = .
 *(SORT_BY_NAME(SORT_BY_ALIGNMENT(._device.static.*_?_*)))
 *(SORT_BY_NAME(SORT_BY_ALIGNMENT(._device.static.*_??_*)))
 ._device.static.1_50_
                0x00002bdc       0x14 zephyr/drivers/serial/libdrivers__serial.a(uart_bitbang.c.obj)
                0x00002bdc                __device_dts_ord_6
                0x00002bf0                        _device_list_end = .

sw_isr_table    0x00002bf0       0x40
                0x00002bf0                        . = ALIGN (0x4)
 *(SORT_BY_ALIGNMENT(.gnu.linkonce.sw_isr_table*))
 .gnu.linkonce.sw_isr_table
                0x00002bf0       0x40 zephyr/CMakeFiles/zephyr_final.dir/isr_tables.c.obj
                0x00002bf0                _sw_isr_table

initlevel_error
 *(SORT_BY_NAME(SORT_BY_ALIGNMENT(.z_init_[_A-Z0-9]*)))
                0x00000001                        ASSERT ((SIZEOF (initlevel_error) == 0x0), Undefined initialization levels used.)

app_shmem_regions
                0x00002c30        0x0
                0x00002c30                        __app_shmem_regions_start = .
 *(SORT_BY_NAME(SORT_BY_ALIGNMENT(.app_regions.*)))
                0x00002c30                        __app_shmem_regions_end = .

k_p4wq_initparam_area
                0x00002c30        0x0
                0x00002c30                        _k_p4wq_initparam_list_start = .
 *(SORT_BY_NAME(SORT_BY_ALIGNMENT(._k_p4wq_initparam.static.*)))
                0x00002c30                        _k_p4wq_initparam_list_end = .

_static_thread_data_area
                0x00002c30        0x0
                0x00002c30                        __static_thread_data_list_start = .
 *(SORT_BY_NAME(SORT_BY_ALIGNMENT(.__static_thread_data.static.*)))
                0x00002c30                        __static_thread_data_list_end = .

device_deps     0x00002c30        0x0
                0x00002c30                        __device_deps_start = .
 *(SORT_BY_NAME(SORT_BY_ALIGNMENT(.__device_deps_pass2*)))
                0x00002c30                        __device_deps_end = .

ztest           0x00002c30        0x0
                0x00002c30                        _ztest_expected_result_entry_list_start = .
 *(SORT_BY_NAME(SORT_BY_ALIGNMENT(._ztest_expected_result_entry.static.*)))
                0x00002c30                        _ztest_expected_result_entry_list_end = .
                0x00002c30                        _ztest_suite_node_list_start = .
 *(SORT_BY_NAME(SORT_BY_ALIGNMENT(._ztest_suite_node.static.*)))
                0x00002c30                        _ztest_suite_node_list_end = .
                0x00002c30                        _ztest_unit_test_list_start = .
 *(SORT_BY_NAME(SORT_BY_ALIGNMENT(._ztest_unit_test.static.*)))
                0x00002c30                        _ztest_unit_test_list_end = .
                0x00002c30                        _ztest_test_rule_list_start = .
 *(SORT_BY_NAME(SORT_BY_ALIGNMENT(._ztest_test_rule.static.*)))
                0x00002c30                        _ztest_test_rule_list_end = .

init_array
 *(SORT_BY_NAME(SORT_BY_ALIGNMENT(.ctors*)))
 *(SORT_BY_NAME(SORT_BY_ALIGNMENT(.init_array*)))
                0x00000001                        ASSERT ((SIZEOF (init_array) == 0x0), GNU-style constructors required but STATIC_INIT_GNU not enabled)

bt_l2cap_fixed_chan_area
                0x00002c30        0x0
                0x00002c30                        _bt_l2cap_fixed_chan_list_start = .
 *(SORT_BY_NAME(SORT_BY_ALIGNMENT(._bt_l2cap_fixed_chan.static.*)))
                0x00002c30                        _bt_l2cap_fixed_chan_list_end = .

bt_gatt_service_static_area
                0x00002c30        0x0
                0x00002c30                        _bt_gatt_service_static_list_start = .
 *(SORT_BY_NAME(SORT_BY_ALIGNMENT(._bt_gatt_service_static.static.*)))
                0x00002c30                        _bt_gatt_service_static_list_end = .

log_strings_area
                0x00002c30        0x0
                0x00002c30                        _log_strings_list_start = .
 *(SORT_BY_NAME(SORT_BY_ALIGNMENT(._log_strings.static.*)))
                0x00002c30                        _log_strings_list_end = .

log_const_area  0x00002c30        0x0
                0x00002c30                        _log_const_list_start = .
 *(SORT_BY_NAME(SORT_BY_ALIGNMENT(._log_const.static.*)))
                0x00002c30                        _log_const_list_end = .

log_backend_area
                0x00002c30        0x0
                0x00002c30                        _log_backend_list_start = .
 *(SORT_BY_NAME(SORT_BY_ALIGNMENT(._log_backend.static.*)))
                0x00002c30                        _log_backend_list_end = .

log_link_area   0x00002c30        0x0
                0x00002c30                        _log_link_list_start = .
 *(SORT_BY_NAME(SORT_BY_ALIGNMENT(._log_link.static.*)))
                0x00002c30                        _log_link_list_end = .

tracing_backend_area
                0x00002c30        0x0
                0x00002c30                        _tracing_backend_list_start = .
 *(SORT_BY_NAME(SORT_BY_ALIGNMENT(._tracing_backend.static.*)))
                0x00002c30                        _tracing_backend_list_end = .

zephyr_dbg_info
 *(SORT_BY_ALIGNMENT(.dbg_thread_info))

intc_table_area
                0x00002c30        0x0
                0x00002c30                        _intc_table_list_start = .
 *(SORT_BY_NAME(SORT_BY_ALIGNMENT(._intc_table.static.*)))
                0x00002c30                        _intc_table_list_end = .

symbol_to_keep  0x00002c30        0x0
                0x00002c30                        __symbol_to_keep_start = .
 *(SORT_BY_NAME(SORT_BY_ALIGNMENT(.symbol_to_keep*)))
                0x00002c30                        __symbol_to_keep_end = .

shell_area      0x00002c30        0x0
                0x00002c30                        _shell_list_start = .
 *(SORT_BY_NAME(SORT_BY_ALIGNMENT(._shell.static.*)))
                0x00002c30                        _shell_list_end = .

shell_root_cmds_area
                0x00002c30        0x0
                0x00002c30                        _shell_root_cmds_list_start = .
 *(SORT_BY_NAME(SORT_BY_ALIGNMENT(._shell_root_cmds.static.*)))
                0x00002c30                        _shell_root_cmds_list_end = .

shell_subcmds_area
                0x00002c30        0x0
                0x00002c30                        _shell_subcmds_list_start = .
 *(SORT_BY_NAME(SORT_BY_ALIGNMENT(._shell_subcmds.static.*)))
                0x00002c30                        _shell_subcmds_list_end = .

shell_dynamic_subcmds_area
                0x00002c30        0x0
                0x00002c30                        _shell_dynamic_subcmds_list_start = .
 *(SORT_BY_NAME(SORT_BY_ALIGNMENT(._shell_dynamic_subcmds.static.*)))
                0x00002c30                        _shell_dynamic_subcmds_list_end = .

cfb_font_area   0x00002c30        0x0
                0x00002c30                        _cfb_font_list_start = .
 *(SORT_BY_NAME(SORT_BY_ALIGNMENT(._cfb_font.static.*)))
                0x00002c30                        _cfb_font_list_end = .

rodata          0x00002c30      0x228
                0x00002c30                        . = ALIGN (0x4)
 *(SORT_BY_ALIGNMENT(.srodata))
 *(SORT_BY_ALIGNMENT(.srodata.*))
 .srodata.stdout
                0x00002c30        0x4 zephyr/lib/libc/picolibc/liblib__libc__picolibc.a(libc-hooks.c.obj)
                0x00002c30                stdout
                0x00002c30                stderr
 *(SORT_BY_ALIGNMENT(.rodata))
 .rodata        0x00002c34      0x100 /usr/lib/gcc/riscv64-unknown-elf/14.2.0/rv32i/ilp32/libgcc.a(_clz.o)
                0x00002c34                __clz_tab
 *(SORT_BY_ALIGNMENT(.rodata.*))
 .rodata.main.str1.4
                0x00002d34       0x68 app/libapp.a(main.c.obj)
                                 0x19 (size before relaxing)
 .rodata.str1.4
                0x00002d9c        0x0 zephyr/drivers/serial/libdrivers__serial.a(uart_bitbang.c.obj)
                                  0x9 (size before relaxing)
 .rodata.my_cfg_0
                0x00002d9c        0x0 zephyr/drivers/serial/libdrivers__serial.a(uart_bitbang.c.obj)
 .rodata.uart_bitbang_driver_api
                0x00002d9c       0x14 zephyr/drivers/serial/libdrivers__serial.a(uart_bitbang.c.obj)
 .rodata.z_cstart.str1.4
                0x00002db0        0x0 zephyr/kernel/libkernel.a(init.c.obj)
                                  0x5 (size before relaxing)
 .rodata.levels.0
                0x00002db0       0x18 zephyr/kernel/libkernel.a(init.c.obj)
 .rodata.boot_banner.str1.4
                0x00002dc8        0x0 zephyr/kernel/libkernel.a(banner.c.obj)
                                 0x28 (size before relaxing)
 .rodata.vfprintf.str1.4
                0x00002dc8        0x0 /home/chenyoo/servWorkspace/build/modules/picolibc/libc.a(vflprintf.c.obj)
                                 0x10 (size before relaxing)
 .rodata.vfprintf
                0x00002dc8       0x90 /home/chenyoo/servWorkspace/build/modules/picolibc/libc.a(vflprintf.c.obj)
 *(SORT_BY_ALIGNMENT(.gnu.linkonce.r.*))
 *(SORT_BY_ALIGNMENT(.sdata2) SORT_BY_ALIGNMENT(.sdata2.*) SORT_BY_ALIGNMENT(.gnu.linkonce.s2.*))
                0x00002e58                        . = ALIGN (0x4)
                0x00002e58                        __rodata_region_end = .
                0x00002e58                        __rom_region_end = .
                0x00002e58                        __rom_region_size = (__rom_region_end - __rom_region_start)
                0x00000000                        . = 0x0
                0x00000000                        _image_ram_start = .

bss             0x00002e58      0x21c
                0x00002e58                        . = ALIGN (0x4)
                0x00002e58                        __bss_start = .
                0x00002e58                        __kernel_ram_start = .
 *(SORT_BY_ALIGNMENT(.sbss))
 *(SORT_BY_ALIGNMENT(.sbss.*))
 .sbss.curr_tick
                0x00002e58        0x8 zephyr/kernel/libkernel.a(timeout.c.obj)
 .sbss.last_count
                0x00002e60        0x4 zephyr/libzephyr.a(serv_timer.c.obj)
 .sbss._stdout_hook
                0x00002e64        0x4 zephyr/lib/libc/picolibc/liblib__libc__picolibc.a(libc-hooks.c.obj)
 .sbss.slice_expired
                0x00002e68        0x1 zephyr/kernel/libkernel.a(timeslicing.c.obj)
 *fill*         0x00002e69        0x3 
 .sbss.slice_max_prio
                0x00002e6c        0x4 zephyr/kernel/libkernel.a(timeslicing.c.obj)
 .sbss.slice_ticks
                0x00002e70        0x4 zephyr/kernel/libkernel.a(timeslicing.c.obj)
 .sbss.announce_remaining
                0x00002e74        0x4 zephyr/kernel/libkernel.a(timeout.c.obj)
 .sbss.z_sys_post_kernel
                0x00002e78        0x1 zephyr/kernel/libkernel.a(init.c.obj)
                0x00002e78                z_sys_post_kernel
 *(SORT_BY_ALIGNMENT(.bss))
 *(SORT_BY_ALIGNMENT(.bss.*))
 *fill*         0x00002e79        0x7 
 .bss.z_idle_threads
                0x00002e80       0x90 zephyr/kernel/libkernel.a(init.c.obj)
                0x00002e80                z_idle_threads
 .bss.z_main_thread
                0x00002f10       0x90 zephyr/kernel/libkernel.a(init.c.obj)
                0x00002f10                z_main_thread
 .bss._thread_dummy
                0x00002fa0       0x90 zephyr/kernel/libkernel.a(sched.c.obj)
                0x00002fa0                _thread_dummy
 .bss.slice_timeouts
                0x00003030       0x18 zephyr/kernel/libkernel.a(timeslicing.c.obj)
 .bss.z_malloc_heap
                0x00003048        0xc zephyr/lib/libc/common/liblib__libc__common.a(malloc.c.obj)
 .bss.my_data_0
                0x00003054        0x0 zephyr/drivers/serial/libdrivers__serial.a(uart_bitbang.c.obj)
 .bss._kernel   0x00003054       0x20 zephyr/kernel/libkernel.a(init.c.obj)
                0x00003054                _kernel
 .bss._sched_spinlock
                0x00003074        0x0 zephyr/kernel/libkernel.a(sched.c.obj)
                0x00003074                _sched_spinlock
 *(SORT_BY_ALIGNMENT(COMMON))
                0x00003074                        __bss_end = ALIGN (0x4)

noinit          0x00003080      0xe00
 *(SORT_BY_ALIGNMENT(.noinit))
 *(SORT_BY_ALIGNMENT(.noinit.*))
 .noinit."WEST_TOPDIR/zephyr/kernel/init.c".2
                0x00003080      0x800 zephyr/kernel/libkernel.a(init.c.obj)
                0x00003080                z_interrupt_stacks
 .noinit."WEST_TOPDIR/zephyr/kernel/init.c".1
                0x00003880      0x200 zephyr/kernel/libkernel.a(init.c.obj)
 .noinit."WEST_TOPDIR/zephyr/kernel/init.c".0
                0x00003a80      0x400 zephyr/kernel/libkernel.a(init.c.obj)
                0x00003a80                z_main_stack

datas           0x00003e80       0x20
                0x00003e80                        . = ALIGN (0x4)
                0x00003e80                        __data_region_start = .
                0x00003e80                        __data_start = .
 *(SORT_BY_ALIGNMENT(.data))
 *(SORT_BY_ALIGNMENT(.data.*))
 .data.__stdout
                0x00003e80       0x14 zephyr/lib/libc/picolibc/liblib__libc__picolibc.a(libc-hooks.c.obj)
 *(SORT_BY_ALIGNMENT(.sdata) SORT_BY_ALIGNMENT(.sdata.*) SORT_BY_ALIGNMENT(.gnu.linkonce.s.*))
 .sdata._char_out
                0x00003e94        0x4 zephyr/libzephyr.a(printk.c.obj)
 .sdata.timeout_list
                0x00003e98        0x8 zephyr/kernel/libkernel.a(timeout.c.obj)
                0x00003ea0                        __data_end = .
                0x00000020                        __data_size = (__data_end - __data_start)
                0x00003e80                        __data_load_start = LOADADDR (datas)
                0x00003e80                        __data_region_load_start = LOADADDR (datas)

device_states   0x00003ea0        0x2
                0x00003ea0                        __device_states_start = .
 *(SORT_BY_ALIGNMENT(.z_devstate))
 .z_devstate    0x00003ea0        0x2 zephyr/drivers/serial/libdrivers__serial.a(uart_bitbang.c.obj)
 *(SORT_BY_ALIGNMENT(.z_devstate.*))
                0x00003ea2                        __device_states_end = .

log_mpsc_pbuf_area
                0x00003ea2        0x0
                0x00003ea2                        _log_mpsc_pbuf_list_start = .
 *(SORT_BY_NAME(SORT_BY_ALIGNMENT(._log_mpsc_pbuf.static.*)))
                0x00003ea2                        _log_mpsc_pbuf_list_end = .

log_msg_ptr_area
                0x00003ea2        0x0
                0x00003ea2                        _log_msg_ptr_list_start = .
 *(SORT_BY_NAME(SORT_BY_ALIGNMENT(._log_msg_ptr.static.*)))
                0x00003ea2                        _log_msg_ptr_list_end = .

log_dynamic_area
                0x00003ea2        0x0
                0x00003ea2                        _log_dynamic_list_start = .
 *(SORT_BY_NAME(SORT_BY_ALIGNMENT(._log_dynamic.static.*)))
                0x00003ea2                        _log_dynamic_list_end = .

k_timer_area    0x00003ea2        0x0
                0x00003ea2                        _k_timer_list_start = .
 *(SORT_BY_NAME(SORT_BY_ALIGNMENT(._k_timer.static.*)))
                0x00003ea2                        _k_timer_list_end = .

k_mem_slab_area
                0x00003ea2        0x0
                0x00003ea2                        _k_mem_slab_list_start = .
 *(SORT_BY_NAME(SORT_BY_ALIGNMENT(._k_mem_slab.static.*)))
                0x00003ea2                        _k_mem_slab_list_end = .

k_heap_area     0x00003ea2        0x0
                0x00003ea2                        _k_heap_list_start = .
 *(SORT_BY_NAME(SORT_BY_ALIGNMENT(._k_heap.static.*)))
                0x00003ea2                        _k_heap_list_end = .

k_mutex_area    0x00003ea2        0x0
                0x00003ea2                        _k_mutex_list_start = .
 *(SORT_BY_NAME(SORT_BY_ALIGNMENT(._k_mutex.static.*)))
                0x00003ea2                        _k_mutex_list_end = .

k_stack_area    0x00003ea2        0x0
                0x00003ea2                        _k_stack_list_start = .
 *(SORT_BY_NAME(SORT_BY_ALIGNMENT(._k_stack.static.*)))
                0x00003ea2                        _k_stack_list_end = .

k_msgq_area     0x00003ea2        0x0
                0x00003ea2                        _k_msgq_list_start = .
 *(SORT_BY_NAME(SORT_BY_ALIGNMENT(._k_msgq.static.*)))
                0x00003ea2                        _k_msgq_list_end = .

k_mbox_area     0x00003ea2        0x0
                0x00003ea2                        _k_mbox_list_start = .
 *(SORT_BY_NAME(SORT_BY_ALIGNMENT(._k_mbox.static.*)))
                0x00003ea2                        _k_mbox_list_end = .

k_pipe_area     0x00003ea2        0x0
                0x00003ea2                        _k_pipe_list_start = .
 *(SORT_BY_NAME(SORT_BY_ALIGNMENT(._k_pipe.static.*)))
                0x00003ea2                        _k_pipe_list_end = .

k_sem_area      0x00003ea2        0x0
                0x00003ea2                        _k_sem_list_start = .
 *(SORT_BY_NAME(SORT_BY_ALIGNMENT(._k_sem.static.*)))
                0x00003ea2                        _k_sem_list_end = .

k_event_area    0x00003ea2        0x0
                0x00003ea2                        _k_event_list_start = .
 *(SORT_BY_NAME(SORT_BY_ALIGNMENT(._k_event.static.*)))
                0x00003ea2                        _k_event_list_end = .

k_queue_area    0x00003ea2        0x0
                0x00003ea2                        _k_queue_list_start = .
 *(SORT_BY_NAME(SORT_BY_ALIGNMENT(._k_queue.static.*)))
                0x00003ea2                        _k_queue_list_end = .

k_fifo_area     0x00003ea2        0x0
                0x00003ea2                        _k_fifo_list_start = .
 *(SORT_BY_NAME(SORT_BY_ALIGNMENT(._k_fifo.static.*)))
                0x00003ea2                        _k_fifo_list_end = .

k_lifo_area     0x00003ea2        0x0
                0x00003ea2                        _k_lifo_list_start = .
 *(SORT_BY_NAME(SORT_BY_ALIGNMENT(._k_lifo.static.*)))
                0x00003ea2                        _k_lifo_list_end = .

k_condvar_area  0x00003ea2        0x0
                0x00003ea2                        _k_condvar_list_start = .
 *(SORT_BY_NAME(SORT_BY_ALIGNMENT(._k_condvar.static.*)))
                0x00003ea2                        _k_condvar_list_end = .

sys_mem_blocks_ptr_area
                0x00003ea2        0x0
                0x00003ea2                        _sys_mem_blocks_ptr_list_start = .
 *(SORT_BY_NAME(SORT_BY_ALIGNMENT(._sys_mem_blocks_ptr.static.*)))
                0x00003ea2                        _sys_mem_blocks_ptr_list_end = .

net_buf_pool_area
                0x00003ea2        0x0
                0x00003ea2                        _net_buf_pool_list_start = .
 *(SORT_BY_NAME(SORT_BY_ALIGNMENT(._net_buf_pool.static.*)))
                0x00003ea2                        _net_buf_pool_list_end = .
                0x00003ea2                        __data_region_end = .
                0x00003ea2                        __kernel_ram_end = .
                0x0000104a                        __kernel_ram_size = (__kernel_ram_end - __kernel_ram_start)

/DISCARD/
 *(SORT_BY_ALIGNMENT(.irq_info*))
 *(SORT_BY_ALIGNMENT(.intList*))

.last_ram_section
                0x00003ea2        0x0
                0x00003ea2                        _image_ram_end = .
                0x00003ea2                        _image_ram_size = (_image_ram_end - _image_ram_start)
                0x00003ea2                        _end = .
                0x00003ea2                        z_mapped_end = .

.stab
 *(SORT_BY_ALIGNMENT(.stab))

.stabstr
 *(SORT_BY_ALIGNMENT(.stabstr))

.stab.excl
 *(SORT_BY_ALIGNMENT(.stab.excl))

.stab.exclstr
 *(SORT_BY_ALIGNMENT(.stab.exclstr))

.stab.index
 *(SORT_BY_ALIGNMENT(.stab.index))

.stab.indexstr
 *(SORT_BY_ALIGNMENT(.stab.indexstr))

.gnu.build.attributes
 *(SORT_BY_ALIGNMENT(.gnu.build.attributes) SORT_BY_ALIGNMENT(.gnu.build.attributes.*))

.comment        0x00000000       0x18
 *(SORT_BY_ALIGNMENT(.comment))
 .comment       0x00000000       0x18 zephyr/CMakeFiles/zephyr_final.dir/isr_tables.c.obj
                                 0x19 (size before relaxing)
 .comment       0x00000018        0x0 zephyr/CMakeFiles/offsets.dir/./arch/riscv/core/offsets/offsets.c.obj
                                 0x19 (size before relaxing)
 .comment       0x00000018        0x0 app/libapp.a(main.c.obj)
                                 0x19 (size before relaxing)
 .comment       0x00000018        0x0 zephyr/libzephyr.a(heap.c.obj)
                                 0x19 (size before relaxing)
 .comment       0x00000018        0x0 zephyr/libzephyr.a(printk.c.obj)
                                 0x19 (size before relaxing)
 .comment       0x00000018        0x0 zephyr/libzephyr.a(thread_entry.c.obj)
                                 0x19 (size before relaxing)
 .comment       0x00000018        0x0 zephyr/libzephyr.a(configs.c.obj)
                                 0x19 (size before relaxing)
 .comment       0x00000018        0x0 zephyr/libzephyr.a(cpu_idle.c.obj)
                                 0x19 (size before relaxing)
 .comment       0x00000018        0x0 zephyr/libzephyr.a(irq.c.obj)
                                 0x19 (size before relaxing)
 .comment       0x00000018        0x0 zephyr/libzephyr.a(tracing_none.c.obj)
                                 0x19 (size before relaxing)
 .comment       0x00000018        0x0 zephyr/libzephyr.a(serv_timer.c.obj)
                                 0x19 (size before relaxing)
 .comment       0x00000018        0x0 zephyr/arch/arch/riscv/core/libarch__riscv__core.a(fatal.c.obj)
                                 0x19 (size before relaxing)
 .comment       0x00000018        0x0 zephyr/arch/arch/riscv/core/libarch__riscv__core.a(irq_manage.c.obj)
                                 0x19 (size before relaxing)
 .comment       0x00000018        0x0 zephyr/arch/arch/riscv/core/libarch__riscv__core.a(prep_c.c.obj)
                                 0x19 (size before relaxing)
 .comment       0x00000018        0x0 zephyr/arch/arch/riscv/core/libarch__riscv__core.a(thread.c.obj)
                                 0x19 (size before relaxing)
 .comment       0x00000018        0x0 zephyr/arch/arch/riscv/core/libarch__riscv__core.a(stacktrace.c.obj)
                                 0x19 (size before relaxing)
 .comment       0x00000018        0x0 zephyr/lib/libc/picolibc/liblib__libc__picolibc.a(libc-hooks.c.obj)
                                 0x19 (size before relaxing)
 .comment       0x00000018        0x0 zephyr/lib/libc/common/liblib__libc__common.a(malloc.c.obj)
                                 0x19 (size before relaxing)
 .comment       0x00000018        0x0 zephyr/drivers/console/libdrivers__console.a(uart_console.c.obj)
                                 0x19 (size before relaxing)
 .comment       0x00000018        0x0 zephyr/drivers/serial/libdrivers__serial.a(uart_bitbang.c.obj)
                                 0x19 (size before relaxing)
 .comment       0x00000018        0x0 zephyr/kernel/libkernel.a(device.c.obj)
                                 0x19 (size before relaxing)
 .comment       0x00000018        0x0 zephyr/kernel/libkernel.a(fatal.c.obj)
                                 0x19 (size before relaxing)
 .comment       0x00000018        0x0 zephyr/kernel/libkernel.a(init.c.obj)
                                 0x19 (size before relaxing)
 .comment       0x00000018        0x0 zephyr/kernel/libkernel.a(init_static.c.obj)
                                 0x19 (size before relaxing)
 .comment       0x00000018        0x0 zephyr/kernel/libkernel.a(idle.c.obj)
                                 0x19 (size before relaxing)
 .comment       0x00000018        0x0 zephyr/kernel/libkernel.a(thread.c.obj)
                                 0x19 (size before relaxing)
 .comment       0x00000018        0x0 zephyr/kernel/libkernel.a(sched.c.obj)
                                 0x19 (size before relaxing)
 .comment       0x00000018        0x0 zephyr/kernel/libkernel.a(timeslicing.c.obj)
                                 0x19 (size before relaxing)
 .comment       0x00000018        0x0 zephyr/kernel/libkernel.a(timeout.c.obj)
                                 0x19 (size before relaxing)
 .comment       0x00000018        0x0 zephyr/kernel/libkernel.a(banner.c.obj)
                                 0x19 (size before relaxing)
 .comment       0x00000018        0x0 /home/chenyoo/servWorkspace/build/modules/picolibc/libc.a(strnlen.c.obj)
                                 0x19 (size before relaxing)
 .comment       0x00000018        0x0 /home/chenyoo/servWorkspace/build/modules/picolibc/libc.a(printf.c.obj)
                                 0x19 (size before relaxing)
 .comment       0x00000018        0x0 /home/chenyoo/servWorkspace/build/modules/picolibc/libc.a(vflprintf.c.obj)
                                 0x19 (size before relaxing)
 .comment       0x00000018        0x0 /usr/lib/gcc/riscv64-unknown-elf/14.2.0/rv32i/ilp32/libgcc.a(_clz.o)
                                 0x19 (size before relaxing)
 .comment       0x00000018        0x0 /usr/lib/gcc/riscv64-unknown-elf/14.2.0/rv32i/ilp32/libgcc.a(_clzsi2.o)
                                 0x19 (size before relaxing)

.debug
 *(SORT_BY_ALIGNMENT(.debug))

.line
 *(SORT_BY_ALIGNMENT(.line))

.debug_srcinfo
 *(SORT_BY_ALIGNMENT(.debug_srcinfo))

.debug_sfnames
 *(SORT_BY_ALIGNMENT(.debug_sfnames))

.debug_aranges  0x00000000      0xa88
 *(SORT_BY_ALIGNMENT(.debug_aranges))
 .debug_aranges
                0x00000000       0x28 zephyr/libzephyr.a(soc_irq.S.obj)
 .debug_aranges
                0x00000028       0x20 zephyr/libzephyr.a(vector.S.obj)
 .debug_aranges
                0x00000048       0x20 zephyr/arch/arch/riscv/core/libarch__riscv__core.a(reset.S.obj)
 .debug_aranges
                0x00000068       0x20 zephyr/arch/arch/riscv/core/libarch__riscv__core.a(switch.S.obj)
 .debug_aranges
                0x00000088       0x20 zephyr/arch/arch/riscv/core/libarch__riscv__core.a(isr.S.obj)
 .debug_aranges
                0x000000a8       0x20 /home/chenyoo/servWorkspace/build/modules/picolibc/libc.a(memset.S.obj)
 .debug_aranges
                0x000000c8       0x20 /usr/lib/gcc/riscv64-unknown-elf/14.2.0/rv32i/ilp32/libgcc.a(muldi3.o)
 .debug_aranges
                0x000000e8       0x20 /usr/lib/gcc/riscv64-unknown-elf/14.2.0/rv32i/ilp32/libgcc.a(div.o)
 .debug_aranges
                0x00000108       0x18 zephyr/CMakeFiles/zephyr_final.dir/isr_tables.c.obj
 .debug_aranges
                0x00000120       0x20 zephyr/CMakeFiles/offsets.dir/./arch/riscv/core/offsets/offsets.c.obj
 .debug_aranges
                0x00000140       0x20 app/libapp.a(main.c.obj)
 .debug_aranges
                0x00000160       0x88 zephyr/libzephyr.a(heap.c.obj)
 .debug_aranges
                0x000001e8       0x50 zephyr/libzephyr.a(printk.c.obj)
 .debug_aranges
                0x00000238       0x20 zephyr/libzephyr.a(thread_entry.c.obj)
 .debug_aranges
                0x00000258       0x20 zephyr/libzephyr.a(configs.c.obj)
 .debug_aranges
                0x00000278       0x28 zephyr/libzephyr.a(cpu_idle.c.obj)
 .debug_aranges
                0x000002a0       0x38 zephyr/libzephyr.a(irq.c.obj)
 .debug_aranges
                0x000002d8       0x38 zephyr/libzephyr.a(tracing_none.c.obj)
 .debug_aranges
                0x00000310       0x40 zephyr/libzephyr.a(serv_timer.c.obj)
 .debug_aranges
                0x00000350       0x40 zephyr/arch/arch/riscv/core/libarch__riscv__core.a(fatal.c.obj)
 .debug_aranges
                0x00000390       0x20 zephyr/arch/arch/riscv/core/libarch__riscv__core.a(irq_manage.c.obj)
 .debug_aranges
                0x000003b0       0x20 zephyr/arch/arch/riscv/core/libarch__riscv__core.a(prep_c.c.obj)
 .debug_aranges
                0x000003d0       0x20 zephyr/arch/arch/riscv/core/libarch__riscv__core.a(thread.c.obj)
 .debug_aranges
                0x000003f0       0x48 zephyr/arch/arch/riscv/core/libarch__riscv__core.a(stacktrace.c.obj)
 .debug_aranges
                0x00000438       0xb8 zephyr/lib/libc/picolibc/liblib__libc__picolibc.a(libc-hooks.c.obj)
 .debug_aranges
                0x000004f0       0x60 zephyr/lib/libc/common/liblib__libc__common.a(malloc.c.obj)
 .debug_aranges
                0x00000550       0x30 zephyr/drivers/console/libdrivers__console.a(uart_console.c.obj)
 .debug_aranges
                0x00000580       0x30 zephyr/drivers/serial/libdrivers__serial.a(uart_bitbang.c.obj)
 .debug_aranges
                0x000005b0       0x38 zephyr/kernel/libkernel.a(device.c.obj)
 .debug_aranges
                0x000005e8       0x38 zephyr/kernel/libkernel.a(fatal.c.obj)
 .debug_aranges
                0x00000620       0x68 zephyr/kernel/libkernel.a(init.c.obj)
 .debug_aranges
                0x00000688       0x20 zephyr/kernel/libkernel.a(init_static.c.obj)
 .debug_aranges
                0x000006a8       0x28 zephyr/kernel/libkernel.a(idle.c.obj)
 .debug_aranges
                0x000006d0       0x90 zephyr/kernel/libkernel.a(thread.c.obj)
 .debug_aranges
                0x00000760      0x190 zephyr/kernel/libkernel.a(sched.c.obj)
 .debug_aranges
                0x000008f0       0x40 zephyr/kernel/libkernel.a(timeslicing.c.obj)
 .debug_aranges
                0x00000930       0x90 zephyr/kernel/libkernel.a(timeout.c.obj)
 .debug_aranges
                0x000009c0       0x20 zephyr/kernel/libkernel.a(banner.c.obj)
 .debug_aranges
                0x000009e0       0x20 /home/chenyoo/servWorkspace/build/modules/picolibc/libc.a(strnlen.c.obj)
 .debug_aranges
                0x00000a00       0x20 /home/chenyoo/servWorkspace/build/modules/picolibc/libc.a(printf.c.obj)
 .debug_aranges
                0x00000a20       0x30 /home/chenyoo/servWorkspace/build/modules/picolibc/libc.a(vflprintf.c.obj)
 .debug_aranges
                0x00000a50       0x18 /usr/lib/gcc/riscv64-unknown-elf/14.2.0/rv32i/ilp32/libgcc.a(_clz.o)
 .debug_aranges
                0x00000a68       0x20 /usr/lib/gcc/riscv64-unknown-elf/14.2.0/rv32i/ilp32/libgcc.a(_clzsi2.o)

.debug_pubnames
 *(SORT_BY_ALIGNMENT(.debug_pubnames))

.debug_info     0x00000000    0x14c27
 *(SORT_BY_ALIGNMENT(.debug_info) SORT_BY_ALIGNMENT(.gnu.linkonce.wi.*))
 .debug_info    0x00000000      0x10c zephyr/CMakeFiles/zephyr_final.dir/isr_tables.c.obj
 .debug_info    0x0000010c       0xdc zephyr/CMakeFiles/offsets.dir/./arch/riscv/core/offsets/offsets.c.obj
 .debug_info    0x000001e8       0xc8 app/libapp.a(main.c.obj)
 .debug_info    0x000002b0     0x277e zephyr/libzephyr.a(heap.c.obj)
 .debug_info    0x00002a2e      0x503 zephyr/libzephyr.a(printk.c.obj)
 .debug_info    0x00002f31      0x6a5 zephyr/libzephyr.a(thread_entry.c.obj)
 .debug_info    0x000035d6       0x38 zephyr/libzephyr.a(configs.c.obj)
 .debug_info    0x0000360e       0x22 zephyr/libzephyr.a(soc_irq.S.obj)
 .debug_info    0x00003630       0x23 zephyr/libzephyr.a(vector.S.obj)
 .debug_info    0x00003653      0x12c zephyr/libzephyr.a(cpu_idle.c.obj)
 .debug_info    0x0000377f      0x17b zephyr/libzephyr.a(irq.c.obj)
 .debug_info    0x000038fa       0x56 zephyr/libzephyr.a(tracing_none.c.obj)
 .debug_info    0x00003950      0x896 zephyr/libzephyr.a(serv_timer.c.obj)
 .debug_info    0x000041e6      0x868 zephyr/arch/arch/riscv/core/libarch__riscv__core.a(fatal.c.obj)
 .debug_info    0x00004a4e      0x333 zephyr/arch/arch/riscv/core/libarch__riscv__core.a(irq_manage.c.obj)
 .debug_info    0x00004d81       0xd4 zephyr/arch/arch/riscv/core/libarch__riscv__core.a(prep_c.c.obj)
 .debug_info    0x00004e55       0x23 zephyr/arch/arch/riscv/core/libarch__riscv__core.a(reset.S.obj)
 .debug_info    0x00004e78       0x23 zephyr/arch/arch/riscv/core/libarch__riscv__core.a(switch.S.obj)
 .debug_info    0x00004e9b      0x77e zephyr/arch/arch/riscv/core/libarch__riscv__core.a(thread.c.obj)
 .debug_info    0x00005619       0x24 zephyr/arch/arch/riscv/core/libarch__riscv__core.a(isr.S.obj)
 .debug_info    0x0000563d      0xe6a zephyr/arch/arch/riscv/core/libarch__riscv__core.a(stacktrace.c.obj)
 .debug_info    0x000064a7      0xf88 zephyr/lib/libc/picolibc/liblib__libc__picolibc.a(libc-hooks.c.obj)
 .debug_info    0x0000742f      0xe51 zephyr/lib/libc/common/liblib__libc__common.a(malloc.c.obj)
 .debug_info    0x00008280      0x7de zephyr/drivers/console/libdrivers__console.a(uart_console.c.obj)
 .debug_info    0x00008a5e      0x63b zephyr/drivers/serial/libdrivers__serial.a(uart_bitbang.c.obj)
 .debug_info    0x00009099      0x33d zephyr/kernel/libkernel.a(device.c.obj)
 .debug_info    0x000093d6      0xa68 zephyr/kernel/libkernel.a(fatal.c.obj)
 .debug_info    0x00009e3e     0x1887 zephyr/kernel/libkernel.a(init.c.obj)
 .debug_info    0x0000b6c5       0x38 zephyr/kernel/libkernel.a(init_static.c.obj)
 .debug_info    0x0000b6fd      0x22b zephyr/kernel/libkernel.a(idle.c.obj)
 .debug_info    0x0000b928     0x1424 zephyr/kernel/libkernel.a(thread.c.obj)
 .debug_info    0x0000cd4c     0x5070 zephyr/kernel/libkernel.a(sched.c.obj)
 .debug_info    0x00011dbc      0xcfa zephyr/kernel/libkernel.a(timeslicing.c.obj)
 .debug_info    0x00012ab6     0x13a4 zephyr/kernel/libkernel.a(timeout.c.obj)
 .debug_info    0x00013e5a       0xc5 zephyr/kernel/libkernel.a(banner.c.obj)
 .debug_info    0x00013f1f       0x30 /home/chenyoo/servWorkspace/build/modules/picolibc/libc.a(memset.S.obj)
 .debug_info    0x00013f4f       0xd3 /home/chenyoo/servWorkspace/build/modules/picolibc/libc.a(strnlen.c.obj)
 .debug_info    0x00014022      0x209 /home/chenyoo/servWorkspace/build/modules/picolibc/libc.a(printf.c.obj)
 .debug_info    0x0001422b      0x744 /home/chenyoo/servWorkspace/build/modules/picolibc/libc.a(vflprintf.c.obj)
 .debug_info    0x0001496f       0xdf /usr/lib/gcc/riscv64-unknown-elf/14.2.0/rv32i/ilp32/libgcc.a(_clz.o)
 .debug_info    0x00014a4e      0x149 /usr/lib/gcc/riscv64-unknown-elf/14.2.0/rv32i/ilp32/libgcc.a(_clzsi2.o)
 .debug_info    0x00014b97       0x31 /usr/lib/gcc/riscv64-unknown-elf/14.2.0/rv32i/ilp32/libgcc.a(muldi3.o)
 .debug_info    0x00014bc8       0x5f /usr/lib/gcc/riscv64-unknown-elf/14.2.0/rv32i/ilp32/libgcc.a(div.o)

.debug_abbrev   0x00000000     0x52d2
 *(SORT_BY_ALIGNMENT(.debug_abbrev))
 .debug_abbrev  0x00000000       0xc3 zephyr/CMakeFiles/zephyr_final.dir/isr_tables.c.obj
 .debug_abbrev  0x000000c3       0x62 zephyr/CMakeFiles/offsets.dir/./arch/riscv/core/offsets/offsets.c.obj
 .debug_abbrev  0x00000125       0x90 app/libapp.a(main.c.obj)
 .debug_abbrev  0x000001b5      0x41f zephyr/libzephyr.a(heap.c.obj)
 .debug_abbrev  0x000005d4      0x293 zephyr/libzephyr.a(printk.c.obj)
 .debug_abbrev  0x00000867      0x24d zephyr/libzephyr.a(thread_entry.c.obj)
 .debug_abbrev  0x00000ab4       0x2e zephyr/libzephyr.a(configs.c.obj)
 .debug_abbrev  0x00000ae2       0x12 zephyr/libzephyr.a(soc_irq.S.obj)
 .debug_abbrev  0x00000af4       0x14 zephyr/libzephyr.a(vector.S.obj)
 .debug_abbrev  0x00000b08       0xb1 zephyr/libzephyr.a(cpu_idle.c.obj)
 .debug_abbrev  0x00000bb9       0xe0 zephyr/libzephyr.a(irq.c.obj)
 .debug_abbrev  0x00000c99       0x48 zephyr/libzephyr.a(tracing_none.c.obj)
 .debug_abbrev  0x00000ce1      0x39b zephyr/libzephyr.a(serv_timer.c.obj)
 .debug_abbrev  0x0000107c      0x204 zephyr/arch/arch/riscv/core/libarch__riscv__core.a(fatal.c.obj)
 .debug_abbrev  0x00001280      0x147 zephyr/arch/arch/riscv/core/libarch__riscv__core.a(irq_manage.c.obj)
 .debug_abbrev  0x000013c7       0x8b zephyr/arch/arch/riscv/core/libarch__riscv__core.a(prep_c.c.obj)
 .debug_abbrev  0x00001452       0x14 zephyr/arch/arch/riscv/core/libarch__riscv__core.a(reset.S.obj)
 .debug_abbrev  0x00001466       0x14 zephyr/arch/arch/riscv/core/libarch__riscv__core.a(switch.S.obj)
 .debug_abbrev  0x0000147a      0x236 zephyr/arch/arch/riscv/core/libarch__riscv__core.a(thread.c.obj)
 .debug_abbrev  0x000016b0       0x14 zephyr/arch/arch/riscv/core/libarch__riscv__core.a(isr.S.obj)
 .debug_abbrev  0x000016c4      0x4a9 zephyr/arch/arch/riscv/core/libarch__riscv__core.a(stacktrace.c.obj)
 .debug_abbrev  0x00001b6d      0x4bc zephyr/lib/libc/picolibc/liblib__libc__picolibc.a(libc-hooks.c.obj)
 .debug_abbrev  0x00002029      0x48a zephyr/lib/libc/common/liblib__libc__common.a(malloc.c.obj)
 .debug_abbrev  0x000024b3      0x384 zephyr/drivers/console/libdrivers__console.a(uart_console.c.obj)
 .debug_abbrev  0x00002837      0x2e2 zephyr/drivers/serial/libdrivers__serial.a(uart_bitbang.c.obj)
 .debug_abbrev  0x00002b19      0x1cd zephyr/kernel/libkernel.a(device.c.obj)
 .debug_abbrev  0x00002ce6      0x34d zephyr/kernel/libkernel.a(fatal.c.obj)
 .debug_abbrev  0x00003033      0x69a zephyr/kernel/libkernel.a(init.c.obj)
 .debug_abbrev  0x000036cd       0x2e zephyr/kernel/libkernel.a(init_static.c.obj)
 .debug_abbrev  0x000036fb      0x14b zephyr/kernel/libkernel.a(idle.c.obj)
 .debug_abbrev  0x00003846      0x4a9 zephyr/kernel/libkernel.a(thread.c.obj)
 .debug_abbrev  0x00003cef      0x6a9 zephyr/kernel/libkernel.a(sched.c.obj)
 .debug_abbrev  0x00004398      0x3a6 zephyr/kernel/libkernel.a(timeslicing.c.obj)
 .debug_abbrev  0x0000473e      0x478 zephyr/kernel/libkernel.a(timeout.c.obj)
 .debug_abbrev  0x00004bb6       0x8f zephyr/kernel/libkernel.a(banner.c.obj)
 .debug_abbrev  0x00004c45       0x28 /home/chenyoo/servWorkspace/build/modules/picolibc/libc.a(memset.S.obj)
 .debug_abbrev  0x00004c6d       0x89 /home/chenyoo/servWorkspace/build/modules/picolibc/libc.a(strnlen.c.obj)
 .debug_abbrev  0x00004cf6      0x122 /home/chenyoo/servWorkspace/build/modules/picolibc/libc.a(printf.c.obj)
 .debug_abbrev  0x00004e18      0x330 /home/chenyoo/servWorkspace/build/modules/picolibc/libc.a(vflprintf.c.obj)
 .debug_abbrev  0x00005148       0x70 /usr/lib/gcc/riscv64-unknown-elf/14.2.0/rv32i/ilp32/libgcc.a(_clz.o)
 .debug_abbrev  0x000051b8       0xca /usr/lib/gcc/riscv64-unknown-elf/14.2.0/rv32i/ilp32/libgcc.a(_clzsi2.o)
 .debug_abbrev  0x00005282       0x28 /usr/lib/gcc/riscv64-unknown-elf/14.2.0/rv32i/ilp32/libgcc.a(muldi3.o)
 .debug_abbrev  0x000052aa       0x28 /usr/lib/gcc/riscv64-unknown-elf/14.2.0/rv32i/ilp32/libgcc.a(div.o)

.debug_line     0x00000000    0x11d37
 *(SORT_BY_ALIGNMENT(.debug_line) SORT_BY_ALIGNMENT(.debug_line.*) SORT_BY_ALIGNMENT(.debug_line_end))
 .debug_line    0x00000000       0xe2 zephyr/CMakeFiles/zephyr_final.dir/isr_tables.c.obj
 .debug_line    0x000000e2      0x242 zephyr/CMakeFiles/offsets.dir/./arch/riscv/core/offsets/offsets.c.obj
 .debug_line    0x00000324       0xfd app/libapp.a(main.c.obj)
 .debug_line    0x00000421     0x1dcd zephyr/libzephyr.a(heap.c.obj)
 .debug_line    0x000021ee      0x462 zephyr/libzephyr.a(printk.c.obj)
 .debug_line    0x00002650      0x3bc zephyr/libzephyr.a(thread_entry.c.obj)
 .debug_line    0x00002a0c      0x5ea zephyr/libzephyr.a(configs.c.obj)
 .debug_line    0x00002ff6       0xcd zephyr/libzephyr.a(soc_irq.S.obj)
 .debug_line    0x000030c3       0x92 zephyr/libzephyr.a(vector.S.obj)
 .debug_line    0x00003155      0x1aa zephyr/libzephyr.a(cpu_idle.c.obj)
 .debug_line    0x000032ff      0x261 zephyr/libzephyr.a(irq.c.obj)
 .debug_line    0x00003560       0xb0 zephyr/libzephyr.a(tracing_none.c.obj)
 .debug_line    0x00003610      0x7ea zephyr/libzephyr.a(serv_timer.c.obj)
 .debug_line    0x00003dfa      0x5b0 zephyr/arch/arch/riscv/core/libarch__riscv__core.a(fatal.c.obj)
 .debug_line    0x000043aa      0x2ba zephyr/arch/arch/riscv/core/libarch__riscv__core.a(irq_manage.c.obj)
 .debug_line    0x00004664       0xe2 zephyr/arch/arch/riscv/core/libarch__riscv__core.a(prep_c.c.obj)
 .debug_line    0x00004746       0xa8 zephyr/arch/arch/riscv/core/libarch__riscv__core.a(reset.S.obj)
 .debug_line    0x000047ee       0x8b zephyr/arch/arch/riscv/core/libarch__riscv__core.a(switch.S.obj)
 .debug_line    0x00004879      0x442 zephyr/arch/arch/riscv/core/libarch__riscv__core.a(thread.c.obj)
 .debug_line    0x00004cbb      0x21d zephyr/arch/arch/riscv/core/libarch__riscv__core.a(isr.S.obj)
 .debug_line    0x00004ed8      0x88e zephyr/arch/arch/riscv/core/libarch__riscv__core.a(stacktrace.c.obj)
 .debug_line    0x00005766      0x957 zephyr/lib/libc/picolibc/liblib__libc__picolibc.a(libc-hooks.c.obj)
 .debug_line    0x000060bd      0x8c5 zephyr/lib/libc/common/liblib__libc__common.a(malloc.c.obj)
 .debug_line    0x00006982      0x4a0 zephyr/drivers/console/libdrivers__console.a(uart_console.c.obj)
 .debug_line    0x00006e22      0x393 zephyr/drivers/serial/libdrivers__serial.a(uart_bitbang.c.obj)
 .debug_line    0x000071b5      0x4b7 zephyr/kernel/libkernel.a(device.c.obj)
 .debug_line    0x0000766c      0x5a6 zephyr/kernel/libkernel.a(fatal.c.obj)
 .debug_line    0x00007c12     0x1097 zephyr/kernel/libkernel.a(init.c.obj)
 .debug_line    0x00008ca9       0x71 zephyr/kernel/libkernel.a(init_static.c.obj)
 .debug_line    0x00008d1a      0x2e5 zephyr/kernel/libkernel.a(idle.c.obj)
 .debug_line    0x00008fff      0xd84 zephyr/kernel/libkernel.a(thread.c.obj)
 .debug_line    0x00009d83     0x4568 zephyr/kernel/libkernel.a(sched.c.obj)
 .debug_line    0x0000e2eb      0x7f0 zephyr/kernel/libkernel.a(timeslicing.c.obj)
 .debug_line    0x0000eadb     0x135e zephyr/kernel/libkernel.a(timeout.c.obj)
 .debug_line    0x0000fe39       0xb0 zephyr/kernel/libkernel.a(banner.c.obj)
 .debug_line    0x0000fee9       0xa9 /home/chenyoo/servWorkspace/build/modules/picolibc/libc.a(memset.S.obj)
 .debug_line    0x0000ff92      0x164 /home/chenyoo/servWorkspace/build/modules/picolibc/libc.a(strnlen.c.obj)
 .debug_line    0x000100f6      0x1fc /home/chenyoo/servWorkspace/build/modules/picolibc/libc.a(printf.c.obj)
 .debug_line    0x000102f2     0x175e /home/chenyoo/servWorkspace/build/modules/picolibc/libc.a(vflprintf.c.obj)
 .debug_line    0x00011a50       0x3f /usr/lib/gcc/riscv64-unknown-elf/14.2.0/rv32i/ilp32/libgcc.a(_clz.o)
 .debug_line    0x00011a8f       0xdb /usr/lib/gcc/riscv64-unknown-elf/14.2.0/rv32i/ilp32/libgcc.a(_clzsi2.o)
 .debug_line    0x00011b6a       0x7a /usr/lib/gcc/riscv64-unknown-elf/14.2.0/rv32i/ilp32/libgcc.a(muldi3.o)
 .debug_line    0x00011be4      0x153 /usr/lib/gcc/riscv64-unknown-elf/14.2.0/rv32i/ilp32/libgcc.a(div.o)

.debug_frame    0x00000000     0x1908
 *(SORT_BY_ALIGNMENT(.debug_frame))
 .debug_frame   0x00000000       0x20 zephyr/CMakeFiles/offsets.dir/./arch/riscv/core/offsets/offsets.c.obj
 .debug_frame   0x00000020       0x2c app/libapp.a(main.c.obj)
 .debug_frame   0x0000004c      0x280 zephyr/libzephyr.a(heap.c.obj)
 .debug_frame   0x000002cc       0xb4 zephyr/libzephyr.a(printk.c.obj)
 .debug_frame   0x00000380       0x28 zephyr/libzephyr.a(thread_entry.c.obj)
 .debug_frame   0x000003a8       0x20 zephyr/libzephyr.a(configs.c.obj)
 .debug_frame   0x000003c8       0x4c zephyr/libzephyr.a(cpu_idle.c.obj)
 .debug_frame   0x00000414       0x50 zephyr/libzephyr.a(irq.c.obj)
 .debug_frame   0x00000464       0x50 zephyr/libzephyr.a(tracing_none.c.obj)
 .debug_frame   0x000004b4       0xb8 zephyr/libzephyr.a(serv_timer.c.obj)
 .debug_frame   0x0000056c       0x7c zephyr/arch/arch/riscv/core/libarch__riscv__core.a(fatal.c.obj)
 .debug_frame   0x000005e8       0x28 zephyr/arch/arch/riscv/core/libarch__riscv__core.a(irq_manage.c.obj)
 .debug_frame   0x00000610       0x28 zephyr/arch/arch/riscv/core/libarch__riscv__core.a(prep_c.c.obj)
 .debug_frame   0x00000638       0x20 zephyr/arch/arch/riscv/core/libarch__riscv__core.a(thread.c.obj)
 .debug_frame   0x00000658       0xbc zephyr/arch/arch/riscv/core/libarch__riscv__core.a(stacktrace.c.obj)
 .debug_frame   0x00000714      0x1ac zephyr/lib/libc/picolibc/liblib__libc__picolibc.a(libc-hooks.c.obj)
 .debug_frame   0x000008c0      0x138 zephyr/lib/libc/common/liblib__libc__common.a(malloc.c.obj)
 .debug_frame   0x000009f8       0x68 zephyr/drivers/console/libdrivers__console.a(uart_console.c.obj)
 .debug_frame   0x00000a60       0x40 zephyr/drivers/serial/libdrivers__serial.a(uart_bitbang.c.obj)
 .debug_frame   0x00000aa0       0x80 zephyr/kernel/libkernel.a(device.c.obj)
 .debug_frame   0x00000b20       0x74 zephyr/kernel/libkernel.a(fatal.c.obj)
 .debug_frame   0x00000b94      0x158 zephyr/kernel/libkernel.a(init.c.obj)
 .debug_frame   0x00000cec       0x20 zephyr/kernel/libkernel.a(init_static.c.obj)
 .debug_frame   0x00000d0c       0x38 zephyr/kernel/libkernel.a(idle.c.obj)
 .debug_frame   0x00000d44      0x170 zephyr/kernel/libkernel.a(thread.c.obj)
 .debug_frame   0x00000eb4      0x638 zephyr/kernel/libkernel.a(sched.c.obj)
 .debug_frame   0x000014ec       0xb8 zephyr/kernel/libkernel.a(timeslicing.c.obj)
 .debug_frame   0x000015a4      0x208 zephyr/kernel/libkernel.a(timeout.c.obj)
 .debug_frame   0x000017ac       0x20 zephyr/kernel/libkernel.a(banner.c.obj)
 .debug_frame   0x000017cc       0x20 /home/chenyoo/servWorkspace/build/modules/picolibc/libc.a(strnlen.c.obj)
 .debug_frame   0x000017ec       0x2c /home/chenyoo/servWorkspace/build/modules/picolibc/libc.a(printf.c.obj)
 .debug_frame   0x00001818       0xd0 /home/chenyoo/servWorkspace/build/modules/picolibc/libc.a(vflprintf.c.obj)
 .debug_frame   0x000018e8       0x20 /usr/lib/gcc/riscv64-unknown-elf/14.2.0/rv32i/ilp32/libgcc.a(_clzsi2.o)

.debug_str      0x00000000     0x3b27
 *(SORT_BY_ALIGNMENT(.debug_str))
 .debug_str     0x00000000     0x3b27 zephyr/CMakeFiles/zephyr_final.dir/isr_tables.c.obj
                                0x241 (size before relaxing)
 .debug_str     0x00003b27        0x0 zephyr/CMakeFiles/offsets.dir/./arch/riscv/core/offsets/offsets.c.obj
                                0x32e (size before relaxing)
 .debug_str     0x00003b27        0x0 app/libapp.a(main.c.obj)
                                0x219 (size before relaxing)
 .debug_str     0x00003b27        0x0 zephyr/libzephyr.a(heap.c.obj)
                                0x6cd (size before relaxing)
 .debug_str     0x00003b27        0x0 zephyr/libzephyr.a(printk.c.obj)
                                0x514 (size before relaxing)
 .debug_str     0x00003b27        0x0 zephyr/libzephyr.a(thread_entry.c.obj)
                                0x524 (size before relaxing)
 .debug_str     0x00003b27        0x0 zephyr/libzephyr.a(configs.c.obj)
                                0x193 (size before relaxing)
 .debug_str     0x00003b27        0x0 zephyr/libzephyr.a(soc_irq.S.obj)
                                 0x87 (size before relaxing)
 .debug_str     0x00003b27        0x0 zephyr/libzephyr.a(vector.S.obj)
                                 0x86 (size before relaxing)
 .debug_str     0x00003b27        0x0 zephyr/libzephyr.a(cpu_idle.c.obj)
                                0x276 (size before relaxing)
 .debug_str     0x00003b27        0x0 zephyr/libzephyr.a(irq.c.obj)
                                0x299 (size before relaxing)
 .debug_str     0x00003b27        0x0 zephyr/libzephyr.a(tracing_none.c.obj)
                                0x1d9 (size before relaxing)
 .debug_str     0x00003b27        0x0 zephyr/libzephyr.a(serv_timer.c.obj)
                                0x4d1 (size before relaxing)
 .debug_str     0x00003b27        0x0 zephyr/arch/arch/riscv/core/libarch__riscv__core.a(fatal.c.obj)
                                0x4d0 (size before relaxing)
 .debug_str     0x00003b27        0x0 zephyr/arch/arch/riscv/core/libarch__riscv__core.a(irq_manage.c.obj)
                                0x416 (size before relaxing)
 .debug_str     0x00003b27        0x0 zephyr/arch/arch/riscv/core/libarch__riscv__core.a(prep_c.c.obj)
                                0x255 (size before relaxing)
 .debug_str     0x00003b27        0x0 zephyr/arch/arch/riscv/core/libarch__riscv__core.a(reset.S.obj)
                                 0x6c (size before relaxing)
 .debug_str     0x00003b27        0x0 zephyr/arch/arch/riscv/core/libarch__riscv__core.a(switch.S.obj)
                                 0x6d (size before relaxing)
 .debug_str     0x00003b27        0x0 zephyr/arch/arch/riscv/core/libarch__riscv__core.a(thread.c.obj)
                                0x540 (size before relaxing)
 .debug_str     0x00003b27        0x0 zephyr/arch/arch/riscv/core/libarch__riscv__core.a(isr.S.obj)
                                 0x6a (size before relaxing)
 .debug_str     0x00003b27        0x0 zephyr/arch/arch/riscv/core/libarch__riscv__core.a(stacktrace.c.obj)
                                0x7f7 (size before relaxing)
 .debug_str     0x00003b27        0x0 zephyr/lib/libc/picolibc/liblib__libc__picolibc.a(libc-hooks.c.obj)
                                0xa33 (size before relaxing)
 .debug_str     0x00003b27        0x0 zephyr/lib/libc/common/liblib__libc__common.a(malloc.c.obj)
                                0x7b0 (size before relaxing)
 .debug_str     0x00003b27        0x0 zephyr/drivers/console/libdrivers__console.a(uart_console.c.obj)
                                0x584 (size before relaxing)
 .debug_str     0x00003b27        0x0 zephyr/drivers/serial/libdrivers__serial.a(uart_bitbang.c.obj)
                                0x63a (size before relaxing)
 .debug_str     0x00003b27        0x0 zephyr/kernel/libkernel.a(device.c.obj)
                                0x327 (size before relaxing)
 .debug_str     0x00003b27        0x0 zephyr/kernel/libkernel.a(fatal.c.obj)
                                0x698 (size before relaxing)
 .debug_str     0x00003b27        0x0 zephyr/kernel/libkernel.a(init.c.obj)
                                0xd68 (size before relaxing)
 .debug_str     0x00003b27        0x0 zephyr/kernel/libkernel.a(init_static.c.obj)
                                0x188 (size before relaxing)
 .debug_str     0x00003b27        0x0 zephyr/kernel/libkernel.a(idle.c.obj)
                                0x312 (size before relaxing)
 .debug_str     0x00003b27        0x0 zephyr/kernel/libkernel.a(thread.c.obj)
                                0xa9c (size before relaxing)
 .debug_str     0x00003b27        0x0 zephyr/kernel/libkernel.a(sched.c.obj)
                               0x11f5 (size before relaxing)
 .debug_str     0x00003b27        0x0 zephyr/kernel/libkernel.a(timeslicing.c.obj)
                                0x8ec (size before relaxing)
 .debug_str     0x00003b27        0x0 zephyr/kernel/libkernel.a(timeout.c.obj)
                                0x7a2 (size before relaxing)
 .debug_str     0x00003b27        0x0 zephyr/kernel/libkernel.a(banner.c.obj)
                                0x223 (size before relaxing)
 .debug_str     0x00003b27        0x0 /home/chenyoo/servWorkspace/build/modules/picolibc/libc.a(memset.S.obj)
                                 0x8c (size before relaxing)
 .debug_str     0x00003b27        0x0 /home/chenyoo/servWorkspace/build/modules/picolibc/libc.a(strnlen.c.obj)
                                0x25b (size before relaxing)
 .debug_str     0x00003b27        0x0 /home/chenyoo/servWorkspace/build/modules/picolibc/libc.a(printf.c.obj)
                                0x2e6 (size before relaxing)
 .debug_str     0x00003b27        0x0 /home/chenyoo/servWorkspace/build/modules/picolibc/libc.a(vflprintf.c.obj)
                                0x3d1 (size before relaxing)
 .debug_str     0x00003b27        0x0 /usr/lib/gcc/riscv64-unknown-elf/14.2.0/rv32i/ilp32/libgcc.a(_clz.o)
                                0x190 (size before relaxing)
 .debug_str     0x00003b27        0x0 /usr/lib/gcc/riscv64-unknown-elf/14.2.0/rv32i/ilp32/libgcc.a(_clzsi2.o)
                                0x1ad (size before relaxing)
 .debug_str     0x00003b27        0x0 /usr/lib/gcc/riscv64-unknown-elf/14.2.0/rv32i/ilp32/libgcc.a(muldi3.o)
                                 0xbc (size before relaxing)
 .debug_str     0x00003b27        0x0 /usr/lib/gcc/riscv64-unknown-elf/14.2.0/rv32i/ilp32/libgcc.a(div.o)
                                 0xe9 (size before relaxing)

.debug_loc      0x00000000     0x9f96
 *(SORT_BY_ALIGNMENT(.debug_loc))
 .debug_loc     0x00000000     0x2cf5 zephyr/libzephyr.a(heap.c.obj)
 .debug_loc     0x00002cf5      0x1a8 zephyr/libzephyr.a(printk.c.obj)
 .debug_loc     0x00002e9d       0xd0 zephyr/libzephyr.a(thread_entry.c.obj)
 .debug_loc     0x00002f6d       0x59 zephyr/libzephyr.a(cpu_idle.c.obj)
 .debug_loc     0x00002fc6       0x27 zephyr/libzephyr.a(irq.c.obj)
 .debug_loc     0x00002fed      0x257 zephyr/libzephyr.a(serv_timer.c.obj)
 .debug_loc     0x00003244      0x14c zephyr/arch/arch/riscv/core/libarch__riscv__core.a(fatal.c.obj)
 .debug_loc     0x00003390       0x27 zephyr/arch/arch/riscv/core/libarch__riscv__core.a(irq_manage.c.obj)
 .debug_loc     0x000033b7       0x89 zephyr/arch/arch/riscv/core/libarch__riscv__core.a(thread.c.obj)
 .debug_loc     0x00003440      0x614 zephyr/arch/arch/riscv/core/libarch__riscv__core.a(stacktrace.c.obj)
 .debug_loc     0x00003a54      0x408 zephyr/lib/libc/picolibc/liblib__libc__picolibc.a(libc-hooks.c.obj)
 .debug_loc     0x00003e5c      0x56f zephyr/lib/libc/common/liblib__libc__common.a(malloc.c.obj)
 .debug_loc     0x000043cb       0x77 zephyr/drivers/console/libdrivers__console.a(uart_console.c.obj)
 .debug_loc     0x00004442       0xb2 zephyr/drivers/serial/libdrivers__serial.a(uart_bitbang.c.obj)
 .debug_loc     0x000044f4      0x100 zephyr/kernel/libkernel.a(device.c.obj)
 .debug_loc     0x000045f4      0x112 zephyr/kernel/libkernel.a(fatal.c.obj)
 .debug_loc     0x00004706      0x5f4 zephyr/kernel/libkernel.a(init.c.obj)
 .debug_loc     0x00004cfa       0x75 zephyr/kernel/libkernel.a(idle.c.obj)
 .debug_loc     0x00004d6f      0x9f3 zephyr/kernel/libkernel.a(thread.c.obj)
 .debug_loc     0x00005762     0x2d1b zephyr/kernel/libkernel.a(sched.c.obj)
 .debug_loc     0x0000847d      0x225 zephyr/kernel/libkernel.a(timeslicing.c.obj)
 .debug_loc     0x000086a2      0xa1b zephyr/kernel/libkernel.a(timeout.c.obj)
 .debug_loc     0x000090bd       0xf6 /home/chenyoo/servWorkspace/build/modules/picolibc/libc.a(strnlen.c.obj)
 .debug_loc     0x000091b3       0x32 /home/chenyoo/servWorkspace/build/modules/picolibc/libc.a(printf.c.obj)
 .debug_loc     0x000091e5      0xdb1 /home/chenyoo/servWorkspace/build/modules/picolibc/libc.a(vflprintf.c.obj)

.debug_macinfo
 *(SORT_BY_ALIGNMENT(.debug_macinfo))

.debug_weaknames
 *(SORT_BY_ALIGNMENT(.debug_weaknames))

.debug_funcnames
 *(SORT_BY_ALIGNMENT(.debug_funcnames))

.debug_typenames
 *(SORT_BY_ALIGNMENT(.debug_typenames))

.debug_varnames
 *(SORT_BY_ALIGNMENT(.debug_varnames))

.debug_pubtypes
 *(SORT_BY_ALIGNMENT(.debug_pubtypes))

.debug_ranges   0x00000000     0x1e60
 *(SORT_BY_ALIGNMENT(.debug_ranges))
 .debug_ranges  0x00000000       0x20 zephyr/libzephyr.a(soc_irq.S.obj)
 .debug_ranges  0x00000020       0x10 zephyr/CMakeFiles/offsets.dir/./arch/riscv/core/offsets/offsets.c.obj
 .debug_ranges  0x00000030       0x10 app/libapp.a(main.c.obj)
 .debug_ranges  0x00000040      0x518 zephyr/libzephyr.a(heap.c.obj)
 .debug_ranges  0x00000558       0x68 zephyr/libzephyr.a(printk.c.obj)
 .debug_ranges  0x000005c0       0x10 zephyr/libzephyr.a(thread_entry.c.obj)
 .debug_ranges  0x000005d0       0x10 zephyr/libzephyr.a(configs.c.obj)
 .debug_ranges  0x000005e0       0x18 zephyr/libzephyr.a(cpu_idle.c.obj)
 .debug_ranges  0x000005f8       0x28 zephyr/libzephyr.a(irq.c.obj)
 .debug_ranges  0x00000620       0x28 zephyr/libzephyr.a(tracing_none.c.obj)
 .debug_ranges  0x00000648       0xc0 zephyr/libzephyr.a(serv_timer.c.obj)
 .debug_ranges  0x00000708       0x30 zephyr/arch/arch/riscv/core/libarch__riscv__core.a(fatal.c.obj)
 .debug_ranges  0x00000738       0x28 zephyr/arch/arch/riscv/core/libarch__riscv__core.a(irq_manage.c.obj)
 .debug_ranges  0x00000760       0x10 zephyr/arch/arch/riscv/core/libarch__riscv__core.a(prep_c.c.obj)
 .debug_ranges  0x00000770       0x28 zephyr/arch/arch/riscv/core/libarch__riscv__core.a(thread.c.obj)
 .debug_ranges  0x00000798       0x88 zephyr/arch/arch/riscv/core/libarch__riscv__core.a(stacktrace.c.obj)
 .debug_ranges  0x00000820       0xf0 zephyr/lib/libc/picolibc/liblib__libc__picolibc.a(libc-hooks.c.obj)
 .debug_ranges  0x00000910       0xa0 zephyr/lib/libc/common/liblib__libc__common.a(malloc.c.obj)
 .debug_ranges  0x000009b0       0x38 zephyr/drivers/console/libdrivers__console.a(uart_console.c.obj)
 .debug_ranges  0x000009e8       0x20 zephyr/drivers/serial/libdrivers__serial.a(uart_bitbang.c.obj)
 .debug_ranges  0x00000a08       0xa0 zephyr/kernel/libkernel.a(device.c.obj)
 .debug_ranges  0x00000aa8       0x78 zephyr/kernel/libkernel.a(fatal.c.obj)
 .debug_ranges  0x00000b20      0x1e0 zephyr/kernel/libkernel.a(init.c.obj)
 .debug_ranges  0x00000d00       0x10 zephyr/kernel/libkernel.a(init_static.c.obj)
 .debug_ranges  0x00000d10       0x18 zephyr/kernel/libkernel.a(idle.c.obj)
 .debug_ranges  0x00000d28      0x168 zephyr/kernel/libkernel.a(thread.c.obj)
 .debug_ranges  0x00000e90      0xa08 zephyr/kernel/libkernel.a(sched.c.obj)
 .debug_ranges  0x00001898       0x90 zephyr/kernel/libkernel.a(timeslicing.c.obj)
 .debug_ranges  0x00001928      0x398 zephyr/kernel/libkernel.a(timeout.c.obj)
 .debug_ranges  0x00001cc0       0x10 zephyr/kernel/libkernel.a(banner.c.obj)
 .debug_ranges  0x00001cd0       0x10 /home/chenyoo/servWorkspace/build/modules/picolibc/libc.a(strnlen.c.obj)
 .debug_ranges  0x00001ce0       0x10 /home/chenyoo/servWorkspace/build/modules/picolibc/libc.a(printf.c.obj)
 .debug_ranges  0x00001cf0      0x170 /home/chenyoo/servWorkspace/build/modules/picolibc/libc.a(vflprintf.c.obj)

.debug_addr
 *(SORT_BY_ALIGNMENT(.debug_addr))

.debug_line_str
                0x00000000      0x101
 *(SORT_BY_ALIGNMENT(.debug_line_str))
 .debug_line_str
                0x00000000      0x101 /usr/lib/gcc/riscv64-unknown-elf/14.2.0/rv32i/ilp32/libgcc.a(_clz.o)
                                0x146 (size before relaxing)
 .debug_line_str
                0x00000101        0x0 /usr/lib/gcc/riscv64-unknown-elf/14.2.0/rv32i/ilp32/libgcc.a(_clzsi2.o)
                                0x146 (size before relaxing)
 .debug_line_str
                0x00000101        0x0 /usr/lib/gcc/riscv64-unknown-elf/14.2.0/rv32i/ilp32/libgcc.a(muldi3.o)
                                 0xa5 (size before relaxing)
 .debug_line_str
                0x00000101        0x0 /usr/lib/gcc/riscv64-unknown-elf/14.2.0/rv32i/ilp32/libgcc.a(div.o)
                                 0xa2 (size before relaxing)

.debug_loclists
                0x00000000       0x44
 *(SORT_BY_ALIGNMENT(.debug_loclists))
 .debug_loclists
                0x00000000       0x44 /usr/lib/gcc/riscv64-unknown-elf/14.2.0/rv32i/ilp32/libgcc.a(_clzsi2.o)

.debug_macro
 *(SORT_BY_ALIGNMENT(.debug_macro))

.debug_names
 *(SORT_BY_ALIGNMENT(.debug_names))

.debug_rnglists
                0x00000000       0x16
 *(SORT_BY_ALIGNMENT(.debug_rnglists))
 .debug_rnglists
                0x00000000       0x16 /usr/lib/gcc/riscv64-unknown-elf/14.2.0/rv32i/ilp32/libgcc.a(_clzsi2.o)

.debug_str_offsets
 *(SORT_BY_ALIGNMENT(.debug_str_offsets))

.debug_sup
 *(SORT_BY_ALIGNMENT(.debug_sup))

/DISCARD/
 *(SORT_BY_ALIGNMENT(.note.GNU-stack))

.riscv.attributes
                0x00000000       0x29
 *(SORT_BY_ALIGNMENT(.riscv.attributes))
 .riscv.attributes
                0x00000000       0x25 zephyr/CMakeFiles/zephyr_final.dir/misc/empty_file.c.obj
 .riscv.attributes
                0x00000025       0x25 zephyr/CMakeFiles/zephyr_final.dir/isr_tables.c.obj
 .riscv.attributes
                0x0000004a       0x25 zephyr/CMakeFiles/offsets.dir/./arch/riscv/core/offsets/offsets.c.obj
 .riscv.attributes
                0x0000006f       0x25 app/libapp.a(main.c.obj)
 .riscv.attributes
                0x00000094       0x25 zephyr/libzephyr.a(heap.c.obj)
 .riscv.attributes
                0x000000b9       0x25 zephyr/libzephyr.a(cbprintf_packaged.c.obj)
 .riscv.attributes
                0x000000de       0x25 zephyr/libzephyr.a(printk.c.obj)
 .riscv.attributes
                0x00000103       0x25 zephyr/libzephyr.a(sem.c.obj)
 .riscv.attributes
                0x00000128       0x25 zephyr/libzephyr.a(thread_entry.c.obj)
 .riscv.attributes
                0x0000014d       0x25 zephyr/libzephyr.a(cbprintf_complete.c.obj)
 .riscv.attributes
                0x00000172       0x25 zephyr/libzephyr.a(assert.c.obj)
 .riscv.attributes
                0x00000197       0x25 zephyr/libzephyr.a(dec.c.obj)
 .riscv.attributes
                0x000001bc       0x25 zephyr/libzephyr.a(hex.c.obj)
 .riscv.attributes
                0x000001e1       0x25 zephyr/libzephyr.a(rb.c.obj)
 .riscv.attributes
                0x00000206       0x25 zephyr/libzephyr.a(timeutil.c.obj)
 .riscv.attributes
                0x0000022b       0x29 zephyr/libzephyr.a(bitarray.c.obj)
 .riscv.attributes
                0x00000254       0x25 zephyr/libzephyr.a(configs.c.obj)
 .riscv.attributes
                0x00000279       0x27 zephyr/libzephyr.a(soc_irq.S.obj)
 .riscv.attributes
                0x000002a0       0x27 zephyr/libzephyr.a(vector.S.obj)
 .riscv.attributes
                0x000002c7       0x29 zephyr/libzephyr.a(cpu_idle.c.obj)
 .riscv.attributes
                0x000002f0       0x29 zephyr/libzephyr.a(irq.c.obj)
 .riscv.attributes
                0x00000319       0x25 zephyr/libzephyr.a(tracing_none.c.obj)
 .riscv.attributes
                0x0000033e       0x29 zephyr/libzephyr.a(serv_timer.c.obj)
 .riscv.attributes
                0x00000367       0x25 zephyr/arch/common/libarch__common.a(sw_isr_common.c.obj)
 .riscv.attributes
                0x0000038c       0x25 zephyr/arch/arch/riscv/core/libarch__riscv__core.a(cpu_idle.c.obj)
 .riscv.attributes
                0x000003b1       0x29 zephyr/arch/arch/riscv/core/libarch__riscv__core.a(fatal.c.obj)
 .riscv.attributes
                0x000003da       0x29 zephyr/arch/arch/riscv/core/libarch__riscv__core.a(irq_manage.c.obj)
 .riscv.attributes
                0x00000403       0x25 zephyr/arch/arch/riscv/core/libarch__riscv__core.a(prep_c.c.obj)
 .riscv.attributes
                0x00000428       0x25 zephyr/arch/arch/riscv/core/libarch__riscv__core.a(reboot.c.obj)
 .riscv.attributes
                0x0000044d       0x27 zephyr/arch/arch/riscv/core/libarch__riscv__core.a(reset.S.obj)
 .riscv.attributes
                0x00000474       0x23 zephyr/arch/arch/riscv/core/libarch__riscv__core.a(switch.S.obj)
 .riscv.attributes
                0x00000497       0x25 zephyr/arch/arch/riscv/core/libarch__riscv__core.a(thread.c.obj)
 .riscv.attributes
                0x000004bc       0x27 zephyr/arch/arch/riscv/core/libarch__riscv__core.a(isr.S.obj)
 .riscv.attributes
                0x000004e3       0x25 zephyr/arch/arch/riscv/core/libarch__riscv__core.a(stacktrace.c.obj)
 .riscv.attributes
                0x00000508       0x25 zephyr/lib/libc/picolibc/liblib__libc__picolibc.a(libc-hooks.c.obj)
 .riscv.attributes
                0x0000052d       0x25 zephyr/lib/libc/common/liblib__libc__common.a(abort.c.obj)
 .riscv.attributes
                0x00000552       0x25 zephyr/lib/libc/common/liblib__libc__common.a(malloc.c.obj)
 .riscv.attributes
                0x00000577       0x25 zephyr/drivers/console/libdrivers__console.a(uart_console.c.obj)
 .riscv.attributes
                0x0000059c       0x29 zephyr/drivers/serial/libdrivers__serial.a(uart_bitbang.c.obj)
 .riscv.attributes
                0x000005c5       0x25 zephyr/drivers/timer/libdrivers__timer.a(sys_clock_init.c.obj)
 .riscv.attributes
                0x000005ea       0x25 zephyr/kernel/libkernel.a(device.c.obj)
 .riscv.attributes
                0x0000060f       0x25 zephyr/kernel/libkernel.a(errno.c.obj)
 .riscv.attributes
                0x00000634       0x29 zephyr/kernel/libkernel.a(fatal.c.obj)
 .riscv.attributes
                0x0000065d       0x29 zephyr/kernel/libkernel.a(init.c.obj)
 .riscv.attributes
                0x00000686       0x25 zephyr/kernel/libkernel.a(init_static.c.obj)
 .riscv.attributes
                0x000006ab       0x29 zephyr/kernel/libkernel.a(idle.c.obj)
 .riscv.attributes
                0x000006d4       0x29 zephyr/kernel/libkernel.a(mutex.c.obj)
 .riscv.attributes
                0x000006fd       0x29 zephyr/kernel/libkernel.a(sem.c.obj)
 .riscv.attributes
                0x00000726       0x25 zephyr/kernel/libkernel.a(thread.c.obj)
 .riscv.attributes
                0x0000074b       0x29 zephyr/kernel/libkernel.a(sched.c.obj)
 .riscv.attributes
                0x00000774       0x29 zephyr/kernel/libkernel.a(timeslicing.c.obj)
 .riscv.attributes
                0x0000079d       0x29 zephyr/kernel/libkernel.a(timeout.c.obj)
 .riscv.attributes
                0x000007c6       0x25 zephyr/kernel/libkernel.a(banner.c.obj)
 .riscv.attributes
                0x000007eb       0x23 /home/chenyoo/servWorkspace/build/modules/picolibc/libc.a(memcpy-asm.S.obj)
 .riscv.attributes
                0x0000080e       0x23 /home/chenyoo/servWorkspace/build/modules/picolibc/libc.a(memset.S.obj)
 .riscv.attributes
                0x00000831       0x23 /home/chenyoo/servWorkspace/build/modules/picolibc/libc.a(strcmp.S.obj)
 .riscv.attributes
                0x00000854       0x25 /home/chenyoo/servWorkspace/build/modules/picolibc/libc.a(strlen.c.obj)
 .riscv.attributes
                0x00000879       0x25 /home/chenyoo/servWorkspace/build/modules/picolibc/libc.a(strnlen.c.obj)
 .riscv.attributes
                0x0000089e       0x25 /home/chenyoo/servWorkspace/build/modules/picolibc/libc.a(printf.c.obj)
 .riscv.attributes
                0x000008c3       0x25 /home/chenyoo/servWorkspace/build/modules/picolibc/libc.a(vflprintf.c.obj)
 .riscv.attributes
                0x000008e8       0x1c /usr/lib/gcc/riscv64-unknown-elf/14.2.0/rv32i/ilp32/libgcc.a(_ffssi2.o)
 .riscv.attributes
                0x00000904       0x1c /usr/lib/gcc/riscv64-unknown-elf/14.2.0/rv32i/ilp32/libgcc.a(_clz.o)
 .riscv.attributes
                0x00000920       0x1c /usr/lib/gcc/riscv64-unknown-elf/14.2.0/rv32i/ilp32/libgcc.a(_clzsi2.o)
 .riscv.attributes
                0x0000093c       0x1c /usr/lib/gcc/riscv64-unknown-elf/14.2.0/rv32i/ilp32/libgcc.a(_ctzsi2.o)
 .riscv.attributes
                0x00000958       0x1c /usr/lib/gcc/riscv64-unknown-elf/14.2.0/rv32i/ilp32/libgcc.a(_popcountsi2.o)
 .riscv.attributes
                0x00000974       0x1c /usr/lib/gcc/riscv64-unknown-elf/14.2.0/rv32i/ilp32/libgcc.a(_divdi3.o)
 .riscv.attributes
                0x00000990       0x1c /usr/lib/gcc/riscv64-unknown-elf/14.2.0/rv32i/ilp32/libgcc.a(_udivdi3.o)
 .riscv.attributes
                0x000009ac       0x1c /usr/lib/gcc/riscv64-unknown-elf/14.2.0/rv32i/ilp32/libgcc.a(_umoddi3.o)
 .riscv.attributes
                0x000009c8       0x1c /usr/lib/gcc/riscv64-unknown-elf/14.2.0/rv32i/ilp32/libgcc.a(divdf3.o)
 .riscv.attributes
                0x000009e4       0x1c /usr/lib/gcc/riscv64-unknown-elf/14.2.0/rv32i/ilp32/libgcc.a(muldf3.o)
 .riscv.attributes
                0x00000a00       0x1c /usr/lib/gcc/riscv64-unknown-elf/14.2.0/rv32i/ilp32/libgcc.a(subdf3.o)
 .riscv.attributes
                0x00000a1c       0x1c /usr/lib/gcc/riscv64-unknown-elf/14.2.0/rv32i/ilp32/libgcc.a(floatunsidf.o)
 .riscv.attributes
                0x00000a38       0x1c /usr/lib/gcc/riscv64-unknown-elf/14.2.0/rv32i/ilp32/libgcc.a(fixdfdi.o)
 .riscv.attributes
                0x00000a54       0x1c /usr/lib/gcc/riscv64-unknown-elf/14.2.0/rv32i/ilp32/libgcc.a(floatdidf.o)
 .riscv.attributes
                0x00000a70       0x1c /usr/lib/gcc/riscv64-unknown-elf/14.2.0/rv32i/ilp32/libgcc.a(floatundidf.o)
 .riscv.attributes
                0x00000a8c       0x1c /usr/lib/gcc/riscv64-unknown-elf/14.2.0/rv32i/ilp32/libgcc.a(eqsf2.o)
 .riscv.attributes
                0x00000aa8       0x1c /usr/lib/gcc/riscv64-unknown-elf/14.2.0/rv32i/ilp32/libgcc.a(gesf2.o)
 .riscv.attributes
                0x00000ac4       0x1c /usr/lib/gcc/riscv64-unknown-elf/14.2.0/rv32i/ilp32/libgcc.a(extendsfdf2.o)
 .riscv.attributes
                0x00000ae0       0x1c /usr/lib/gcc/riscv64-unknown-elf/14.2.0/rv32i/ilp32/libgcc.a(truncdfsf2.o)
 .riscv.attributes
                0x00000afc       0x1a /usr/lib/gcc/riscv64-unknown-elf/14.2.0/rv32i/ilp32/libgcc.a(muldi3.o)
 .riscv.attributes
                0x00000b16       0x1c /usr/lib/gcc/riscv64-unknown-elf/14.2.0/rv32i/ilp32/libgcc.a(multi3.o)
 .riscv.attributes
                0x00000b32       0x1a /usr/lib/gcc/riscv64-unknown-elf/14.2.0/rv32i/ilp32/libgcc.a(div.o)
 .riscv.attributes
                0x00000b4c       0x1c /usr/lib/gcc/riscv64-unknown-elf/14.2.0/rv32i/ilp32/libgcc.a(_lshrdi3.o)
 .riscv.attributes
                0x00000b68       0x1c /usr/lib/gcc/riscv64-unknown-elf/14.2.0/rv32i/ilp32/libgcc.a(_ashldi3.o)
 *(SORT_BY_ALIGNMENT(.gnu.attributes))
OUTPUT(zephyr/zephyr.elf elf32-littleriscv)
